Microchip MPLAB XC8 Compiler V2.32

Linker command line:

-W-3 --edf=C:\Program Files\Microchip\xc8\v2.32\pic\dat\en_msgs.txt -cn \
  -h+dist/default/production\SLAVE2.X.production.sym \
  --cmf=dist/default/production\SLAVE2.X.production.cmf -z -Q16F877A \
  -oC:\Users\songa\AppData\Local\Temp\xcAsb94.4 --defsym=__MPLAB_BUILD=1 \
  -Mdist/default/production/SLAVE2.X.production.map -E1 -ver=XC8 Compiler \
  --acfsm=1493 -ASTACK=0110h-016Fh -pstack=STACK -ACODE=00h-07FFhx4 \
  -ASTRCODE=00h-01FFFh -ASTRING=00h-0FFhx32 -ACONST=00h-0FFhx32 \
  -AENTRY=00h-0FFhx32 -ACOMMON=070h-07Fh -ABANK0=020h-06Fh \
  -ABANK1=0A0h-0EFh -ABANK2=0110h-016Fh -ABANK3=0190h-01EFh \
  -ARAM=020h-06Fh,0A0h-0EFh,0110h-016Fh,0190h-01EFh \
  -AABS1=020h-07Fh,0A0h-0EFh,0110h-016Fh,0190h-01EFh -ASFR0=00h-01Fh \
  -ASFR1=080h-09Fh -ASFR2=0100h-010Fh -ASFR3=0180h-018Fh \
  -ACONFIG=02007h-02007h -DCONFIG=2 -AIDLOC=02000h-02003h -DIDLOC=2 \
  -AEEDATA=00h-0FFh/02100h -peeprom_data=EEDATA -DEEDATA=2 -DCODE=2 \
  -DSTRCODE=2 -DSTRING=2 -DCONST=2 -DENTRY=2 \
  -preset_vec=00h,intentry,init,end_init -ppowerup=CODE -pcinit=CODE \
  -pfunctab=ENTRY -k C:\Users\songa\AppData\Local\Temp\xcAsb94.o \
  dist/default/production\SLAVE2.X.production.o 

Object code version is 3.11

Machine type is 16F877A



                Name                               Link     Load   Length Selector   Space Scale
C:\Users\songa\AppData\Local\Temp\xcAsb94.o
                end_init                              0        0        3        0       0
                config                             2007     2007        1        0       4
dist/default/production\SLAVE2.X.production.o
                cinit                               7E2      7E2       1E      FC4       0
                config                             2007     2007        1        0       4
                text24                              E89      E89       9D     1D12       0
                text23                              B36      B36       2F     166C       0
                text22                              2A4      2A4      1DD      548       0
                text21                              B0F      B0F       27     161E       0
                text20                              481      481      361      902       0
                text19                              DED      DED       9C     1BDA       0
                text18                                C        C       BC       18       0
                text17                              CC3      CC3       95     1986       0
                text16                              C25      C25       4F     184A       0
                text15                              AA0      AA0        B     1540       0
                text14                              D58      D58       95     1AB0       0
                text13                              C74      C74       4F     18E8       0
                text12                              AAB      AAB        B     1556       0
                text11                              F26      F26       DA     1E4C       0
                text10                              AB6      AB6        C     156C       0
                text9                               B9F      B9F       42     173E       0
                text8                               AC2      AC2        E     1584       0
                text7                               AE3      AE3       16     15C6       0
                text6                               A99      A99        7     1532       0
                text5                                 3        3        9        0       0
                text4                               A93      A93        6     1526       0
                text3                               BE1      BE1       44     17C2       0
                text2                               B65      B65       3A     16CA       0
                text1                                C8       C8       E8      190       0
                maintext                            1B0      1B0       F4      360       0
                cstackBANK0                          20       20       50       20       1
                cstackCOMMON                         70       70        E       70       1
                cstackBANK1                          A0       A0       18       A0       1
                inittext                            AD0      AD0       13     15A0       0
                dataBANK1                            B8       B8       16       A0       1
                bssBANK1                             CE       CE        A       A0       1
                strings                             800      800       4D     1000       0
                idataBANK1                          AF9      AF9       16     15F2       0

TOTAL           Name                               Link     Load   Length     Space
        CLASS   STACK          

        CLASS   CODE           
                end_init                              0        0        3         0
                cinit                               7E2      7E2       1E         0
                text24                              E89      E89       9D         0
                text23                              B36      B36       2F         0
                text22                              2A4      2A4      1DD         0
                text21                              B0F      B0F       27         0
                text20                              481      481      361         0
                text19                              DED      DED       9C         0
                text18                                C        C       BC         0
                text17                              CC3      CC3       95         0
                text16                              C25      C25       4F         0
                text15                              AA0      AA0        B         0
                text14                              D58      D58       95         0
                text13                              C74      C74       4F         0
                text12                              AAB      AAB        B         0
                text11                              F26      F26       DA         0
                text10                              AB6      AB6        C         0
                text9                               B9F      B9F       42         0
                text8                               AC2      AC2        E         0
                text7                               AE3      AE3       16         0
                text6                               A99      A99        7         0
                text5                                 3        3        9         0
                text4                               A93      A93        6         0
                text3                               BE1      BE1       44         0
                text2                               B65      B65       3A         0
                text1                                C8       C8       E8         0
                maintext                            1B0      1B0       F4         0
                inittext                            AD0      AD0       13         0
                idataBANK1                          AF9      AF9       16         0

        CLASS   STRCODE        

        CLASS   STRING         
                strings                             800      800       4D         0

        CLASS   CONST          

        CLASS   ENTRY          

        CLASS   COMMON         
                cstackCOMMON                         70       70        E         1

        CLASS   BANK0          
                cstackBANK0                          20       20       50         1

        CLASS   BANK1          
                cstackBANK1                          A0       A0       18         1
                dataBANK1                            B8       B8       16         1
                bssBANK1                             CE       CE        A         1

        CLASS   BANK2          

        CLASS   BANK3          

        CLASS   RAM            

        CLASS   ABS1           
                abs_s1                               7E       7E        2         1

        CLASS   SFR0           

        CLASS   SFR1           

        CLASS   SFR2           

        CLASS   SFR3           

        CLASS   CONFIG         
                config                             2007     2007        1         4

        CLASS   IDLOC          

        CLASS   EEDATA         



SEGMENTS        Name                           Load    Length   Top    Selector   Space  Class     Delta

                reset_vec                      000000  00000C  00000C         0       0  CODE        2
                text18                         00000C  0000BC  0000C8        18       0  CODE        2
                cstackBANK0                    000020  000050  000070        20       1  BANK0       1
                cstackCOMMON                   000070  00000E  00007E        70       1  COMMON      1
                cstackBANK1                    0000A0  000038  0000D8        A0       1  BANK1       1
                text1                          0000C8  0000E8  0001B0       190       0  CODE        2
                maintext                       0001B0  0000F4  0002A4       360       0  CODE        2
                text22                         0002A4  0001DD  000481       548       0  CODE        2
                text20                         000481  000361  0007E2       902       0  CODE        2
                cinit                          0007E2  00001E  000800       FC4       0  CODE        2
                strings                        000800  00004D  00084D      1000       0  STRING      2
                text4                          000A93  000006  000A99      1526       0  CODE        2
                text6                          000A99  000007  000AA0      1532       0  CODE        2
                text15                         000AA0  00000B  000AAB      1540       0  CODE        2
                text12                         000AAB  00000B  000AB6      1556       0  CODE        2
                text10                         000AB6  00000C  000AC2      156C       0  CODE        2
                text8                          000AC2  00000E  000AD0      1584       0  CODE        2
                inittext                       000AD0  000013  000AE3      15A0       0  CODE        2
                text7                          000AE3  000016  000AF9      15C6       0  CODE        2
                idataBANK1                     000AF9  000016  000B0F      15F2       0  CODE        2
                text21                         000B0F  000027  000B36      161E       0  CODE        2
                text23                         000B36  00002F  000B65      166C       0  CODE        2
                text2                          000B65  00003A  000B9F      16CA       0  CODE        2
                text9                          000B9F  000042  000BE1      173E       0  CODE        2
                text3                          000BE1  000044  000C25      17C2       0  CODE        2
                text16                         000C25  00004F  000C74      184A       0  CODE        2
                text13                         000C74  00004F  000CC3      18E8       0  CODE        2
                text17                         000CC3  000095  000D58      1986       0  CODE        2
                text14                         000D58  000095  000DED      1AB0       0  CODE        2
                text19                         000DED  00009C  000E89      1BDA       0  CODE        2
                text24                         000E89  00009D  000F26      1D12       0  CODE        2
                text11                         000F26  0000DA  001000      1E4C       0  CODE        2


UNUSED ADDRESS RANGES

        Name                Unused          Largest block    Delta
        BANK1            00D8-00EF             18           1
        BANK2            0110-016F             60           1
        BANK3            0190-01EF             60           1
        CODE             084D-0A92            246           2
                         1000-1FFF            800
        CONST            084D-0A92            100           2
                         1000-1FFF            100
        EEDATA           2100-21FF            100           2
        ENTRY            084D-0A92            100           2
                         1000-1FFF            100
        IDLOC            2000-2003              4           2
        RAM              00D8-00EF             18           1
                         0110-016F             60
                         0190-01EF             60
        SFR0             0000-001F             20           1
        SFR1             0080-009F             20           1
        SFR2             0100-010F             10           1
        SFR3             0180-018F             10           1
        STACK            0110-016F             60           1
        STRCODE          084D-0A92            246           2
                         1000-1FFF           1000
        STRING           084D-0A92            100           2
                         1000-1FFF            100

                                  Symbol Table

?_PWM_Max_Duty            cstackBANK0  0026
?__Umul8_16               cstackCOMMON 0070
?___aldiv                 cstackCOMMON 0070
?___fldiv                 cstackBANK0  0036
?___flmul                 cstackBANK0  0050
?___fltol                 cstackBANK0  006A
?___lwdiv                 cstackCOMMON 0070
?___lwmod                 cstackCOMMON 0078
?___xxtofl                cstackBANK0  0028
?_spiDataReady            cstackCOMMON 0070
?_sprintf                 cstackBANK0  0020
PWM1_Duty@duty            cstackBANK1  00A5
PWM1_Init_Fre@fre         cstackBANK0  0026
PWM2_Duty@duty            cstackBANK1  00A5
PWM2_Init_Fre@fre         cstackBANK0  0026
UART_Init@baudrate        cstackBANK0  0026
UART_Init@x               cstackCOMMON 0079
UART_Write@data           cstackCOMMON 0070
UART_Write_Text@i         cstackCOMMON 0076
UART_Write_Text@text      cstackCOMMON 0071
_ADCON1                   (abs)        009F
_BRGH                     (abs)        04C2
_CCP1CONbits              (abs)        0017
_CCP1X                    (abs)        00BD
_CCP1Y                    (abs)        00BC
_CCP2CONbits              (abs)        001D
_CCP2X                    (abs)        00ED
_CCP2Y                    (abs)        00EC
_CCPR1L                   (abs)        0015
_CCPR2L                   (abs)        001B
_CREN                     (abs)        00C4
_GIE                      (abs)        005F
_PEIE                     (abs)        005E
_PORTD                    (abs)        0008
_PORTDbits                (abs)        0008
_PR2                      (abs)        0092
_PWM1_Duty                text17       0CC3
_PWM1_Init_Fre            text16       0C25
_PWM1_Start               text15       0AA0
_PWM2_Duty                text14       0D58
_PWM2_Init_Fre            text13       0C74
_PWM2_Start               text12       0AAB
_PWM_Max_Duty             text23       0B36
_RCIF                     (abs)        0065
_RCREG                    (abs)        001A
_RD0                      (abs)        0040
_SPBRG                    (abs)        0099
_SPEN                     (abs)        00C7
_SSPBUF                   (abs)        0013
_SSPCON                   (abs)        0014
_SSPIE                    (abs)        0463
_SSPIF                    (abs)        0063
_SSPSTAT                  (abs)        0094
_SSPSTATbits              (abs)        0094
_SYNC                     (abs)        04C4
_T2CONbits                (abs)        0012
_TRISA5                   (abs)        042D
_TRISC3                   (abs)        043B
_TRISC5                   (abs)        043D
_TRISC6                   (abs)        043E
_TRISC7                   (abs)        043F
_TRISCbits                (abs)        0087
_TRISD                    (abs)        0088
_TRMT                     (abs)        04C1
_TXEN                     (abs)        04C5
_TXREG                    (abs)        0019
_UART_Init                text11       0F26
_UART_Write               text10       0AB6
_UART_Write_Text          text9        0B9F
__Habs1                   abs1         0000
__Hbank0                  bank0        0000
__Hbank1                  bank1        0000
__Hbank2                  bank2        0000
__Hbank3                  bank3        0000
__HbssBANK1               bssBANK1     0000
__Hcinit                  cinit        0800
__Hclrtext                clrtext      0000
__Hcode                   code         0000
__Hcommon                 common       0000
__Hconfig                 config       2008
__HcstackBANK0            cstackBANK0  0000
__HcstackBANK1            cstackBANK1  0000
__HcstackCOMMON           cstackCOMMON 0000
__HdataBANK1              dataBANK1    0000
__Heeprom_data            eeprom_data  0000
__Hend_init               end_init     0003
__Hfunctab                functab      0000
__HidataBANK1             idataBANK1   0000
__Hinit                   init         0000
__Hinittext               inittext     0000
__Hintentry               intentry     0000
__Hmaintext               maintext     0000
__Hpowerup                powerup      0000
__Hram                    ram          0000
__Hreset_vec              reset_vec    0000
__Hsfr0                   sfr0         0000
__Hsfr1                   sfr1         0000
__Hsfr2                   sfr2         0000
__Hsfr3                   sfr3         0000
__Hspace_0                (abs)        1000
__Hspace_1                (abs)        00D8
__Hspace_2                (abs)        0000
__Hspace_3                (abs)        0000
__Hspace_4                (abs)        400F
__Hstack                  stack        0000
__Hstrings                strings      0000
__Htext                   text         0000
__Labs1                   abs1         0000
__Lbank0                  bank0        0000
__Lbank1                  bank1        0000
__Lbank2                  bank2        0000
__Lbank3                  bank3        0000
__LbssBANK1               bssBANK1     0000
__Lcinit                  cinit        07E2
__Lclrtext                clrtext      0000
__Lcode                   code         0000
__Lcommon                 common       0000
__Lconfig                 config       0000
__LcstackBANK0            cstackBANK0  0000
__LcstackBANK1            cstackBANK1  0000
__LcstackCOMMON           cstackCOMMON 0000
__LdataBANK1              dataBANK1    0000
__Leeprom_data            eeprom_data  0000
__Lend_init               end_init     0000
__Lfunctab                functab      0000
__LidataBANK1             idataBANK1   0000
__Linit                   init         0000
__Linittext               inittext     0000
__Lintentry               intentry     0000
__Lmaintext               maintext     0000
__Lpowerup                powerup      0000
__Lram                    ram          0000
__Lreset_vec              reset_vec    0000
__Lsfr0                   sfr0         0000
__Lsfr1                   sfr1         0000
__Lsfr2                   sfr2         0000
__Lsfr3                   sfr3         0000
__Lspace_0                (abs)        0000
__Lspace_1                (abs)        0000
__Lspace_2                (abs)        0000
__Lspace_3                (abs)        0000
__Lspace_4                (abs)        0000
__Lstack                  stack        0000
__Lstrings                strings      0000
__Ltext                   text         0000
__S0                      (abs)        1000
__S1                      (abs)        00D8
__S2                      (abs)        0000
__S3                      (abs)        0000
__Umul8_16                text21       0B0F
__Umul8_16@multiplicand   cstackCOMMON 0070
__Umul8_16@multiplier     cstackCOMMON 0078
__Umul8_16@product        cstackCOMMON 0074
__Umul8_16@word_mpld      cstackCOMMON 0076
___aldiv                  text24       0E89
___aldiv@counter          cstackBANK0  0020
___aldiv@dividend         cstackCOMMON 0074
___aldiv@divisor          cstackCOMMON 0070
___aldiv@quotient         cstackBANK0  0022
___aldiv@sign             cstackBANK0  0021
___fldiv                  text22       02A4
___fldiv@a                cstackBANK0  0036
___fldiv@aexp             cstackBANK0  004F
___fldiv@b                cstackBANK0  003A
___fldiv@bexp             cstackBANK0  004E
___fldiv@grs              cstackBANK0  004A
___fldiv@new_exp          cstackBANK0  0048
___fldiv@rem              cstackBANK0  0043
___fldiv@sign             cstackBANK0  0047
___flmul                  text20       0481
___flmul@a                cstackBANK0  0054
___flmul@aexp             cstackBANK0  0062
___flmul@b                cstackBANK0  0050
___flmul@bexp             cstackBANK0  0063
___flmul@grs              cstackBANK0  005E
___flmul@prod             cstackBANK0  0064
___flmul@sign             cstackBANK0  005D
___flmul@temp             cstackBANK0  0068
___fltol                  text19       0DED
___fltol@exp1             cstackBANK0  006F
___fltol@f1               cstackBANK0  006A
___fltol@sign1            cstackBANK0  006E
___int_sp                 stack        0000
___latbits                (abs)        0002
___lwdiv                  text3        0BE1
___lwdiv@counter          cstackCOMMON 0077
___lwdiv@dividend         cstackCOMMON 0072
___lwdiv@divisor          cstackCOMMON 0070
___lwdiv@quotient         cstackCOMMON 0075
___lwmod                  text2        0B65
___lwmod@counter          cstackCOMMON 007D
___lwmod@dividend         cstackCOMMON 007A
___lwmod@divisor          cstackCOMMON 0078
___sp                     stack        0000
___stackhi                (abs)        0000
___stacklo                (abs)        0000
___xxtofl                 text18       000C
___xxtofl@arg             cstackBANK0  0032
___xxtofl@exp             cstackBANK0  0031
___xxtofl@sign            cstackBANK0  0030
___xxtofl@val             cstackBANK0  0028
__end_of_PWM1_Duty        text17       0D58
__end_of_PWM1_Init_Fre    text16       0C74
__end_of_PWM1_Start       text15       0AAB
__end_of_PWM2_Duty        text14       0DED
__end_of_PWM2_Init_Fre    text13       0CC3
__end_of_PWM2_Start       text12       0AB6
__end_of_PWM_Max_Duty     text23       0B65
__end_of_UART_Init        text11       1000
__end_of_UART_Write       text10       0AC2
__end_of_UART_Write_Text  text9        0BE1
__end_of__Umul8_16        text21       0B36
__end_of___aldiv          text24       0F26
__end_of___fldiv          text22       0481
__end_of___flmul          text20       07E2
__end_of___fltol          text19       0E89
__end_of___lwdiv          text3        0C25
__end_of___lwmod          text2        0B9F
__end_of___xxtofl         text18       00C8
__end_of__initialization  cinit        07FC
__end_of__stringtab       strings      0810
__end_of_dpowers          strings      081A
__end_of_main             maintext     02A4
__end_of_spiDataReady     text8        0AD0
__end_of_spiInit          text7        0AF9
__end_of_spiRead          text5        000C
__end_of_spiReceiveWait   text6        0AA0
__end_of_spiWrite         text4        0A99
__end_of_sprintf          text1        01B0
__end_ofsin@coeff_a       strings      082E
__end_ofsin@coeff_b       strings      083E
__initialization          cinit        07E2
__pbssBANK1               bssBANK1     00CE
__pcstackBANK0            cstackBANK0  0020
__pcstackBANK1            cstackBANK1  00A0
__pcstackCOMMON           cstackCOMMON 0070
__pdataBANK1              dataBANK1    00B8
__pidataBANK1             idataBANK1   0AF9
__pmaintext               maintext     01B0
__pstrings                strings      0800
__ptext1                  text1        00C8
__ptext10                 text10       0AB6
__ptext11                 text11       0F26
__ptext12                 text12       0AAB
__ptext13                 text13       0C74
__ptext14                 text14       0D58
__ptext15                 text15       0AA0
__ptext16                 text16       0C25
__ptext17                 text17       0CC3
__ptext18                 text18       000C
__ptext19                 text19       0DED
__ptext2                  text2        0B65
__ptext20                 text20       0481
__ptext21                 text21       0B0F
__ptext22                 text22       02A4
__ptext23                 text23       0B36
__ptext24                 text24       0E89
__ptext3                  text3        0BE1
__ptext4                  text4        0A93
__ptext5                  text5        0003
__ptext6                  text6        0A99
__ptext7                  text7        0AE3
__ptext8                  text8        0AC2
__ptext9                  text9        0B9F
__size_of_PWM1_Duty       (abs)        0000
__size_of_PWM1_Init_Fre   (abs)        0000
__size_of_PWM1_Start      (abs)        0000
__size_of_PWM2_Duty       (abs)        0000
__size_of_PWM2_Init_Fre   (abs)        0000
__size_of_PWM2_Start      (abs)        0000
__size_of_PWM_Max_Duty    (abs)        0000
__size_of_UART_Init       (abs)        0000
__size_of_UART_Write      (abs)        0000
__size_of_UART_Write_Text (abs)        0000
__size_of__Umul8_16       (abs)        0000
__size_of___aldiv         (abs)        0000
__size_of___fldiv         (abs)        0000
__size_of___flmul         (abs)        0000
__size_of___fltol         (abs)        0000
__size_of___lwdiv         (abs)        0000
__size_of___lwmod         (abs)        0000
__size_of___xxtofl        (abs)        0000
__size_of_main            (abs)        0000
__size_of_spiDataReady    (abs)        0000
__size_of_spiInit         (abs)        0000
__size_of_spiRead         (abs)        0000
__size_of_spiReceiveWait  (abs)        0000
__size_of_spiWrite        (abs)        0000
__size_of_sprintf         (abs)        0000
__stringbase              strings      080F
__stringtab               strings      0800
_dpowers                  strings      0810
_freq                     bssBANK1     00D4
_main                     maintext     01B0
_spiDataReady             text8        0AC2
_spiInit                  text7        0AE3
_spiRead                  text5        0003
_spiReceiveWait           text6        0A99
_spiWrite                 text4        0A93
_sprintf                  text1        00C8
_v_l                      bssBANK1     00D2
_v_r                      bssBANK1     00D0
btemp                     (abs)        007E
end_of_initialization     cinit        07FC
init_fetch0               inittext     0AD0
init_ram0                 inittext     0AD4
intlevel0                 functab      0000
intlevel1                 functab      0000
intlevel2                 functab      0000
intlevel3                 functab      0000
intlevel4                 functab      0000
intlevel5                 functab      0000
main@num                  cstackBANK1  00B6
main@out                  cstackBANK1  00AC
reset_vec                 reset_vec    0000
sin@coeff_a               strings      081A
sin@coeff_b               strings      082E
spiInit@sClockIdle        cstackCOMMON 0071
spiInit@sDataSample       cstackCOMMON 0070
spiInit@sTransmitEdge     cstackCOMMON 0072
spiInit@sType             cstackCOMMON 0073
spiWrite@dat              cstackCOMMON 0070
sprintf@ap                cstackBANK0  0026
sprintf@c                 cstackBANK0  002C
sprintf@f                 cstackBANK0  0020
sprintf@flag              cstackBANK0  0027
sprintf@prec              cstackBANK0  0028
sprintf@sp                cstackBANK0  002B
sprintf@val               cstackBANK0  0029
start                     init         0000
start_initialization      cinit        07E2
wtemp0                    (abs)        007E


MODULE INFORMATION

Module		Function		Class		Link	Load	Size
C:\Program Files\Microchip\xc8\v2.32\pic\sources\c90\common\xxtofl.c
		___xxtofl      		CODE           	000C	0000	188

C:\Program Files\Microchip\xc8\v2.32\pic\sources\c90\common\xxtofl.c estimated size: 188

C:\Program Files\Microchip\xc8\v2.32\pic\sources\c90\common\Umul8_16.c
		__Umul8_16     		CODE           	0B0F	0000	39

C:\Program Files\Microchip\xc8\v2.32\pic\sources\c90\common\Umul8_16.c estimated size: 39

newmain.c
		_main          		CODE           	01B0	0000	244

newmain.c estimated size: 244

./uart.h
		_UART_Init     		CODE           	0F26	0000	218
		_UART_Write_Text		CODE           	0B9F	0000	66
		_UART_Write    		CODE           	0AB6	0000	12

./uart.h estimated size: 296

C:\Program Files\Microchip\xc8\v2.32\pic\sources\c90\common\lwmod.c
		___lwmod       		CODE           	0B65	0000	58

C:\Program Files\Microchip\xc8\v2.32\pic\sources\c90\common\lwmod.c estimated size: 58

spi.c
		_spiWrite      		CODE           	0A93	0000	6
		_spiInit       		CODE           	0AE3	0000	22
		_spiDataReady  		CODE           	0AC2	0000	14
		_spiReceiveWait		CODE           	0A99	0000	7
		_spiRead       		CODE           	0003	0000	9

spi.c estimated size: 58

shared
		__stringtab    		STRING         	0800	0000	16
		_dpowers       		STRING         	0810	0000	10
		__initialization		CODE           	07E2	0000	26
		sin@coeff_a    		STRING         	081A	0000	20
		sin@coeff_b    		STRING         	082E	0000	16

shared estimated size: 88

C:\Program Files\Microchip\xc8\v2.32\pic\sources\c90\common\sprcmul.c
		___flmul       		CODE           	0481	0000	865

C:\Program Files\Microchip\xc8\v2.32\pic\sources\c90\common\sprcmul.c estimated size: 865

C:\Program Files\Microchip\xc8\v2.32\pic\sources\c90\common\sprcdiv.c
		___fldiv       		CODE           	02A4	0000	477

C:\Program Files\Microchip\xc8\v2.32\pic\sources\c90\common\sprcdiv.c estimated size: 477

C:\Program Files\Microchip\xc8\v2.32\pic\sources\c90\common\doprnt.c
		_sprintf       		CODE           	00C8	0000	232

C:\Program Files\Microchip\xc8\v2.32\pic\sources\c90\common\doprnt.c estimated size: 232

C:\Program Files\Microchip\xc8\v2.32\pic\sources\c90\common\lwdiv.c
		___lwdiv       		CODE           	0BE1	0000	68

C:\Program Files\Microchip\xc8\v2.32\pic\sources\c90\common\lwdiv.c estimated size: 68

C:\Program Files\Microchip\xc8\v2.32\pic\sources\c90\common\fltol.c
		___fltol       		CODE           	0DED	0000	156

C:\Program Files\Microchip\xc8\v2.32\pic\sources\c90\common\fltol.c estimated size: 156

./pwm.h
		_PWM1_Start    		CODE           	0AA0	0000	11
		_PWM2_Start    		CODE           	0AAB	0000	11
		_PWM_Max_Duty  		CODE           	0B36	0000	47
		_PWM1_Duty     		CODE           	0CC3	0000	149
		_PWM1_Init_Fre 		CODE           	0C25	0000	79
		_PWM2_Duty     		CODE           	0D58	0000	149
		_PWM2_Init_Fre 		CODE           	0C74	0000	79

./pwm.h estimated size: 525

C:\Program Files\Microchip\xc8\v2.32\pic\sources\c90\common\aldiv.c
		___aldiv       		CODE           	0E89	0000	157

C:\Program Files\Microchip\xc8\v2.32\pic\sources\c90\common\aldiv.c estimated size: 157

