Microchip MPLAB XC8 Compiler V2.32

Linker command line:

-W-3 --edf=C:\Program Files\Microchip\xc8\v2.32\pic\dat\en_msgs.txt -cn \
  -h+dist/default/production\SLAVE2.X.production.sym \
  --cmf=dist/default/production\SLAVE2.X.production.cmf -z -Q16F877A \
  -oC:\Users\NGUYEN~1\AppData\Local\Temp\xcAsc1g.4 --defsym=__MPLAB_BUILD=1 \
  -Mdist/default/production/SLAVE2.X.production.map -E1 -ver=XC8 Compiler \
  --acfsm=1493 -ASTACK=0110h-016Fh -pstack=STACK -ACODE=00h-07FFhx4 \
  -ASTRCODE=00h-01FFFh -ASTRING=00h-0FFhx32 -ACONST=00h-0FFhx32 \
  -AENTRY=00h-0FFhx32 -ACOMMON=070h-07Fh -ABANK0=020h-06Fh \
  -ABANK1=0A0h-0EFh -ABANK2=0110h-016Fh -ABANK3=0190h-01EFh \
  -ARAM=020h-06Fh,0A0h-0EFh,0110h-016Fh,0190h-01EFh \
  -AABS1=020h-07Fh,0A0h-0EFh,0110h-016Fh,0190h-01EFh -ASFR0=00h-01Fh \
  -ASFR1=080h-09Fh -ASFR2=0100h-010Fh -ASFR3=0180h-018Fh \
  -ACONFIG=02007h-02007h -DCONFIG=2 -AIDLOC=02000h-02003h -DIDLOC=2 \
  -AEEDATA=00h-0FFh/02100h -peeprom_data=EEDATA -DEEDATA=2 -DCODE=2 \
  -DSTRCODE=2 -DSTRING=2 -DCONST=2 -DENTRY=2 \
  -preset_vec=00h,intentry,init,end_init -ppowerup=CODE -pcinit=CODE \
  -pfunctab=ENTRY -k C:\Users\NGUYEN~1\AppData\Local\Temp\xcAsc1g.o \
  dist/default/production\SLAVE2.X.production.o 

Object code version is 3.11

Machine type is 16F877A



                Name                               Link     Load   Length Selector   Space Scale
C:\Users\NGUYEN~1\AppData\Local\Temp\xcAsc1g.o
                end_init                              0        0        3        0       0
                config                             2007     2007        1        0       4
dist/default/production\SLAVE2.X.production.o
                cinit                               7F6      7F6        A      FEC       0
                config                             2007     2007        1        0       4
                text23                              DCD      DCD       9D     1B9A       0
                text22                              B45      B45       2F     168A       0
                text21                              2B8      2B8      1DD      570       0
                text20                              B1E      B1E       27     163C       0
                text19                              495      495      361      92A       0
                text18                              D31      D31       9C     1A62       0
                text17                              E6A      E6A       BC     1CD4       0
                text16                              C07      C07       95     180E       0
                text15                              BB8      BB8       4F     1770       0
                text14                              AC5      AC5        B     158A       0
                text13                              C9C      C9C       95     1938       0
                text12                               3E       3E       4F       7C       0
                text11                              AD0      AD0        B     15A0       0
                text10                              F26      F26       DA     1E4C       0
                text9                               ADB      ADB        C     15B6       0
                text8                               AFD      AFD       21     15FA       0
                text7                               AE7      AE7       16     15CE       0
                text6                               AB5      AB5        7     156A       0
                text5                               ABC      ABC        9     1578       0
                text4                               AAF      AAF        6     155E       0
                text3                               B74      B74       44     16E8       0
                text2                                 4        4       3A        8       0
                text1                                8D       8D       E8      11A       0
                maintext                            175      175      143      2EA       0
                cstackBANK0                          20       20       50       20       1
                cstackCOMMON                         70       70        E       70       1
                cstackBANK1                          A0       A0       26       A0       1
                bssBANK1                             C6       C6        4       A0       1
                strings                             800      800       2D     1000       0

TOTAL           Name                               Link     Load   Length     Space
        CLASS   STACK          

        CLASS   CODE           
                end_init                              0        0        3         0
                cinit                               7F6      7F6        A         0
                text23                              DCD      DCD       9D         0
                text22                              B45      B45       2F         0
                text21                              2B8      2B8      1DD         0
                text20                              B1E      B1E       27         0
                text19                              495      495      361         0
                text18                              D31      D31       9C         0
                text17                              E6A      E6A       BC         0
                text16                              C07      C07       95         0
                text15                              BB8      BB8       4F         0
                text14                              AC5      AC5        B         0
                text13                              C9C      C9C       95         0
                text12                               3E       3E       4F         0
                text11                              AD0      AD0        B         0
                text10                              F26      F26       DA         0
                text9                               ADB      ADB        C         0
                text8                               AFD      AFD       21         0
                text7                               AE7      AE7       16         0
                text6                               AB5      AB5        7         0
                text5                               ABC      ABC        9         0
                text4                               AAF      AAF        6         0
                text3                               B74      B74       44         0
                text2                                 4        4       3A         0
                text1                                8D       8D       E8         0
                maintext                            175      175      143         0

        CLASS   STRCODE        

        CLASS   STRING         
                strings                             800      800       2D         0

        CLASS   CONST          

        CLASS   ENTRY          

        CLASS   COMMON         
                cstackCOMMON                         70       70        E         1

        CLASS   BANK0          
                cstackBANK0                          20       20       50         1

        CLASS   BANK1          
                cstackBANK1                          A0       A0       26         1
                bssBANK1                             C6       C6        4         1

        CLASS   BANK2          

        CLASS   BANK3          

        CLASS   RAM            

        CLASS   ABS1           
                abs_s1                               7E       7E        2         1

        CLASS   SFR0           

        CLASS   SFR1           

        CLASS   SFR2           

        CLASS   SFR3           

        CLASS   CONFIG         
                config                             2007     2007        1         4

        CLASS   IDLOC          

        CLASS   EEDATA         



SEGMENTS        Name                           Load    Length   Top    Selector   Space  Class     Delta

                reset_vec                      000000  000003  000003         0       0  CODE        2
                text2                          000004  00003A  00003E         8       0  CODE        2
                cstackBANK0                    000020  000050  000070        20       1  BANK0       1
                cstackCOMMON                   000070  00000E  00007E        70       1  COMMON      1
                text12                         00003E  00004F  00008D        7C       0  CODE        2
                cstackBANK1                    0000A0  00002A  0000CA        A0       1  BANK1       1
                text1                          00008D  0000E8  000175       11A       0  CODE        2
                maintext                       000175  000143  0002B8       2EA       0  CODE        2
                text21                         0002B8  0001DD  000495       570       0  CODE        2
                text19                         000495  000361  0007F6       92A       0  CODE        2
                cinit                          0007F6  00000A  000800       FEC       0  CODE        2
                strings                        000800  00002D  00082D      1000       0  STRING      2
                text4                          000AAF  000006  000AB5      155E       0  CODE        2
                text6                          000AB5  000007  000ABC      156A       0  CODE        2
                text5                          000ABC  000009  000AC5      1578       0  CODE        2
                text14                         000AC5  00000B  000AD0      158A       0  CODE        2
                text11                         000AD0  00000B  000ADB      15A0       0  CODE        2
                text9                          000ADB  00000C  000AE7      15B6       0  CODE        2
                text7                          000AE7  000016  000AFD      15CE       0  CODE        2
                text8                          000AFD  000021  000B1E      15FA       0  CODE        2
                text20                         000B1E  000027  000B45      163C       0  CODE        2
                text22                         000B45  00002F  000B74      168A       0  CODE        2
                text3                          000B74  000044  000BB8      16E8       0  CODE        2
                text15                         000BB8  00004F  000C07      1770       0  CODE        2
                text16                         000C07  000095  000C9C      180E       0  CODE        2
                text13                         000C9C  000095  000D31      1938       0  CODE        2
                text18                         000D31  00009C  000DCD      1A62       0  CODE        2
                text23                         000DCD  00009D  000E6A      1B9A       0  CODE        2
                text17                         000E6A  0000BC  000F26      1CD4       0  CODE        2
                text10                         000F26  0000DA  001000      1E4C       0  CODE        2


UNUSED ADDRESS RANGES

        Name                Unused          Largest block    Delta
        BANK1            00CA-00EF             26           1
        BANK2            0110-016F             60           1
        BANK3            0190-01EF             60           1
        CODE             0003-0003              1           2
                         082D-0AAE            282
                         1000-1FFF            800
        CONST            0003-0003              1           2
                         082D-0AAE            100
                         1000-1FFF            100
        EEDATA           2100-21FF            100           2
        ENTRY            0003-0003              1           2
                         082D-0AAE            100
                         1000-1FFF            100
        IDLOC            2000-2003              4           2
        RAM              00CA-00EF             26           1
                         0110-016F             60
                         0190-01EF             60
        SFR0             0000-001F             20           1
        SFR1             0080-009F             20           1
        SFR2             0100-010F             10           1
        SFR3             0180-018F             10           1
        STACK            0110-016F             60           1
        STRCODE          0003-0003              1           2
                         082D-0AAE            282
                         1000-1FFF           1000
        STRING           0003-0003              1           2
                         082D-0AAE            100
                         1000-1FFF            100

                                  Symbol Table

?_PWM_Max_Duty            cstackBANK0  0026
?__Umul8_16               cstackCOMMON 0070
?___aldiv                 cstackCOMMON 0070
?___fldiv                 cstackBANK0  0036
?___flmul                 cstackBANK0  0050
?___fltol                 cstackBANK0  006A
?___lwdiv                 cstackCOMMON 0070
?___lwmod                 cstackCOMMON 0078
?___xxtofl                cstackBANK0  0028
?_sprintf                 cstackBANK0  0020
PWM1_Duty@duty            cstackBANK1  00A5
PWM1_Init_Fre@fre         cstackBANK0  0026
PWM2_Duty@duty            cstackBANK1  00A5
PWM2_Init_Fre@fre         cstackBANK0  0026
UART_Init@baudrate        cstackBANK0  0026
UART_Init@x               cstackCOMMON 0079
UART_Write@data           cstackCOMMON 0070
UART_Write_Text@i         cstackCOMMON 0072
UART_Write_Text@text      cstackCOMMON 0074
_ADCON1                   (abs)        009F
_BRGH                     (abs)        04C2
_CCP1CONbits              (abs)        0017
_CCP1X                    (abs)        00BD
_CCP1Y                    (abs)        00BC
_CCP2CONbits              (abs)        001D
_CCP2X                    (abs)        00ED
_CCP2Y                    (abs)        00EC
_CCPR1L                   (abs)        0015
_CCPR2L                   (abs)        001B
_CREN                     (abs)        00C4
_GIE                      (abs)        005F
_PEIE                     (abs)        005E
_PORTD                    (abs)        0008
_PORTDbits                (abs)        0008
_PR2                      (abs)        0092
_PWM1_Duty                text16       0C07
_PWM1_Init_Fre            text15       0BB8
_PWM1_Start               text14       0AC5
_PWM2_Duty                text13       0C9C
_PWM2_Init_Fre            text12       003E
_PWM2_Start               text11       0AD0
_PWM_Max_Duty             text22       0B45
_RCIF                     (abs)        0065
_RCREG                    (abs)        001A
_RD0                      (abs)        0040
_SPBRG                    (abs)        0099
_SPEN                     (abs)        00C7
_SSPBUF                   (abs)        0013
_SSPCON                   (abs)        0014
_SSPIE                    (abs)        0463
_SSPIF                    (abs)        0063
_SSPSTAT                  (abs)        0094
_SSPSTATbits              (abs)        0094
_SYNC                     (abs)        04C4
_T2CONbits                (abs)        0012
_TRISA5                   (abs)        042D
_TRISC3                   (abs)        043B
_TRISC5                   (abs)        043D
_TRISC6                   (abs)        043E
_TRISC7                   (abs)        043F
_TRISCbits                (abs)        0087
_TRISD                    (abs)        0088
_TRMT                     (abs)        04C1
_TXEN                     (abs)        04C5
_TXREG                    (abs)        0019
_UART_Init                text10       0F26
_UART_Write               text9        0ADB
_UART_Write_Text          text8        0AFD
__Habs1                   abs1         0000
__Hbank0                  bank0        0000
__Hbank1                  bank1        0000
__Hbank2                  bank2        0000
__Hbank3                  bank3        0000
__HbssBANK1               bssBANK1     0000
__Hcinit                  cinit        0800
__Hclrtext                clrtext      0000
__Hcode                   code         0000
__Hcommon                 common       0000
__Hconfig                 config       2008
__HcstackBANK0            cstackBANK0  0000
__HcstackBANK1            cstackBANK1  0000
__HcstackCOMMON           cstackCOMMON 0000
__Heeprom_data            eeprom_data  0000
__Hend_init               end_init     0003
__Hfunctab                functab      0000
__Hinit                   init         0000
__Hintentry               intentry     0000
__Hmaintext               maintext     0000
__Hpowerup                powerup      0000
__Hram                    ram          0000
__Hreset_vec              reset_vec    0000
__Hsfr0                   sfr0         0000
__Hsfr1                   sfr1         0000
__Hsfr2                   sfr2         0000
__Hsfr3                   sfr3         0000
__Hspace_0                (abs)        1000
__Hspace_1                (abs)        00CA
__Hspace_2                (abs)        0000
__Hspace_3                (abs)        0000
__Hspace_4                (abs)        400F
__Hstack                  stack        0000
__Hstrings                strings      0000
__Htext                   text         0000
__Labs1                   abs1         0000
__Lbank0                  bank0        0000
__Lbank1                  bank1        0000
__Lbank2                  bank2        0000
__Lbank3                  bank3        0000
__LbssBANK1               bssBANK1     0000
__Lcinit                  cinit        07F6
__Lclrtext                clrtext      0000
__Lcode                   code         0000
__Lcommon                 common       0000
__Lconfig                 config       0000
__LcstackBANK0            cstackBANK0  0000
__LcstackBANK1            cstackBANK1  0000
__LcstackCOMMON           cstackCOMMON 0000
__Leeprom_data            eeprom_data  0000
__Lend_init               end_init     0000
__Lfunctab                functab      0000
__Linit                   init         0000
__Lintentry               intentry     0000
__Lmaintext               maintext     0000
__Lpowerup                powerup      0000
__Lram                    ram          0000
__Lreset_vec              reset_vec    0000
__Lsfr0                   sfr0         0000
__Lsfr1                   sfr1         0000
__Lsfr2                   sfr2         0000
__Lsfr3                   sfr3         0000
__Lspace_0                (abs)        0000
__Lspace_1                (abs)        0000
__Lspace_2                (abs)        0000
__Lspace_3                (abs)        0000
__Lspace_4                (abs)        0000
__Lstack                  stack        0000
__Lstrings                strings      0000
__Ltext                   text         0000
__S0                      (abs)        1000
__S1                      (abs)        00CA
__S2                      (abs)        0000
__S3                      (abs)        0000
__Umul8_16                text20       0B1E
__Umul8_16@multiplicand   cstackCOMMON 0070
__Umul8_16@multiplier     cstackCOMMON 0078
__Umul8_16@product        cstackCOMMON 0074
__Umul8_16@word_mpld      cstackCOMMON 0076
___aldiv                  text23       0DCD
___aldiv@counter          cstackBANK0  0020
___aldiv@dividend         cstackCOMMON 0074
___aldiv@divisor          cstackCOMMON 0070
___aldiv@quotient         cstackBANK0  0022
___aldiv@sign             cstackBANK0  0021
___fldiv                  text21       02B8
___fldiv@a                cstackBANK0  0036
___fldiv@aexp             cstackBANK0  004F
___fldiv@b                cstackBANK0  003A
___fldiv@bexp             cstackBANK0  004E
___fldiv@grs              cstackBANK0  004A
___fldiv@new_exp          cstackBANK0  0048
___fldiv@rem              cstackBANK0  0043
___fldiv@sign             cstackBANK0  0047
___flmul                  text19       0495
___flmul@a                cstackBANK0  0054
___flmul@aexp             cstackBANK0  0062
___flmul@b                cstackBANK0  0050
___flmul@bexp             cstackBANK0  0063
___flmul@grs              cstackBANK0  005E
___flmul@prod             cstackBANK0  0064
___flmul@sign             cstackBANK0  005D
___flmul@temp             cstackBANK0  0068
___fltol                  text18       0D31
___fltol@exp1             cstackBANK0  006F
___fltol@f1               cstackBANK0  006A
___fltol@sign1            cstackBANK0  006E
___int_sp                 stack        0000
___latbits                (abs)        0002
___lwdiv                  text3        0B74
___lwdiv@counter          cstackCOMMON 0077
___lwdiv@dividend         cstackCOMMON 0072
___lwdiv@divisor          cstackCOMMON 0070
___lwdiv@quotient         cstackCOMMON 0075
___lwmod                  text2        0004
___lwmod@counter          cstackCOMMON 007D
___lwmod@dividend         cstackCOMMON 007A
___lwmod@divisor          cstackCOMMON 0078
___sp                     stack        0000
___stackhi                (abs)        0000
___stacklo                (abs)        0000
___xxtofl                 text17       0E6A
___xxtofl@arg             cstackBANK0  0032
___xxtofl@exp             cstackBANK0  0031
___xxtofl@sign            cstackBANK0  0030
___xxtofl@val             cstackBANK0  0028
__end_of_PWM1_Duty        text16       0C9C
__end_of_PWM1_Init_Fre    text15       0C07
__end_of_PWM1_Start       text14       0AD0
__end_of_PWM2_Duty        text13       0D31
__end_of_PWM2_Init_Fre    text12       008D
__end_of_PWM2_Start       text11       0ADB
__end_of_PWM_Max_Duty     text22       0B74
__end_of_UART_Init        text10       1000
__end_of_UART_Write       text9        0AE7
__end_of_UART_Write_Text  text8        0B1E
__end_of__Umul8_16        text20       0B45
__end_of___aldiv          text23       0E6A
__end_of___fldiv          text21       0495
__end_of___flmul          text19       07F6
__end_of___fltol          text18       0DCD
__end_of___lwdiv          text3        0BB8
__end_of___lwmod          text2        003E
__end_of___xxtofl         text17       0F26
__end_of__initialization  cinit        07FC
__end_of__stringtab       strings      0806
__end_of_dpowers          strings      0810
__end_of_main             maintext     02B8
__end_of_spiInit          text7        0AFD
__end_of_spiRead          text5        0AC5
__end_of_spiReceiveWait   text6        0ABC
__end_of_spiWrite         text4        0AB5
__end_of_sprintf          text1        0175
__initialization          cinit        07F6
__pbssBANK1               bssBANK1     00C6
__pcstackBANK0            cstackBANK0  0020
__pcstackBANK1            cstackBANK1  00A0
__pcstackCOMMON           cstackCOMMON 0070
__pmaintext               maintext     0175
__pstrings                strings      0800
__ptext1                  text1        008D
__ptext10                 text10       0F26
__ptext11                 text11       0AD0
__ptext12                 text12       003E
__ptext13                 text13       0C9C
__ptext14                 text14       0AC5
__ptext15                 text15       0BB8
__ptext16                 text16       0C07
__ptext17                 text17       0E6A
__ptext18                 text18       0D31
__ptext19                 text19       0495
__ptext2                  text2        0004
__ptext20                 text20       0B1E
__ptext21                 text21       02B8
__ptext22                 text22       0B45
__ptext23                 text23       0DCD
__ptext3                  text3        0B74
__ptext4                  text4        0AAF
__ptext5                  text5        0ABC
__ptext6                  text6        0AB5
__ptext7                  text7        0AE7
__ptext8                  text8        0AFD
__ptext9                  text9        0ADB
__size_of_PWM1_Duty       (abs)        0000
__size_of_PWM1_Init_Fre   (abs)        0000
__size_of_PWM1_Start      (abs)        0000
__size_of_PWM2_Duty       (abs)        0000
__size_of_PWM2_Init_Fre   (abs)        0000
__size_of_PWM2_Start      (abs)        0000
__size_of_PWM_Max_Duty    (abs)        0000
__size_of_UART_Init       (abs)        0000
__size_of_UART_Write      (abs)        0000
__size_of_UART_Write_Text (abs)        0000
__size_of__Umul8_16       (abs)        0000
__size_of___aldiv         (abs)        0000
__size_of___fldiv         (abs)        0000
__size_of___flmul         (abs)        0000
__size_of___fltol         (abs)        0000
__size_of___lwdiv         (abs)        0000
__size_of___lwmod         (abs)        0000
__size_of___xxtofl        (abs)        0000
__size_of_main            (abs)        0000
__size_of_spiInit         (abs)        0000
__size_of_spiRead         (abs)        0000
__size_of_spiReceiveWait  (abs)        0000
__size_of_spiWrite        (abs)        0000
__size_of_sprintf         (abs)        0000
__stringbase              strings      0805
__stringtab               strings      0800
_dpowers                  strings      0806
_freq                     bssBANK1     00C6
_main                     maintext     0175
_spiInit                  text7        0AE7
_spiRead                  text5        0ABC
_spiReceiveWait           text6        0AB5
_spiWrite                 text4        0AAF
_sprintf                  text1        008D
btemp                     (abs)        007E
end_of_initialization     cinit        07FC
intlevel0                 functab      0000
intlevel1                 functab      0000
intlevel2                 functab      0000
intlevel3                 functab      0000
intlevel4                 functab      0000
intlevel5                 functab      0000
main@out                  cstackBANK1  00C4
main@uart_logs            cstackBANK1  00AC
main@v_l                  cstackBANK1  00C0
main@v_r                  cstackBANK1  00C2
reset_vec                 reset_vec    0000
spiInit@sClockIdle        cstackCOMMON 0071
spiInit@sDataSample       cstackCOMMON 0070
spiInit@sTransmitEdge     cstackCOMMON 0072
spiInit@sType             cstackCOMMON 0073
spiWrite@dat              cstackCOMMON 0070
sprintf@ap                cstackBANK0  0026
sprintf@c                 cstackBANK0  002C
sprintf@f                 cstackBANK0  0020
sprintf@flag              cstackBANK0  0027
sprintf@prec              cstackBANK0  0028
sprintf@sp                cstackBANK0  002B
sprintf@val               cstackBANK0  0029
start                     init         0000
start_initialization      cinit        07F6
wtemp0                    (abs)        007E


MODULE INFORMATION

Module		Function		Class		Link	Load	Size
C:\Program Files\Microchip\xc8\v2.32\pic\sources\c90\common\xxtofl.c
		___xxtofl      		CODE           	0E6A	0000	188

C:\Program Files\Microchip\xc8\v2.32\pic\sources\c90\common\xxtofl.c estimated size: 188

C:\Program Files\Microchip\xc8\v2.32\pic\sources\c90\common\Umul8_16.c
		__Umul8_16     		CODE           	0B1E	0000	39

C:\Program Files\Microchip\xc8\v2.32\pic\sources\c90\common\Umul8_16.c estimated size: 39

newmain.c
		_main          		CODE           	0175	0000	323

newmain.c estimated size: 323

./uart.h
		_UART_Init     		CODE           	0F26	0000	218
		_UART_Write_Text		CODE           	0AFD	0000	33
		_UART_Write    		CODE           	0ADB	0000	12

./uart.h estimated size: 263

C:\Program Files\Microchip\xc8\v2.32\pic\sources\c90\common\lwmod.c
		___lwmod       		CODE           	0004	0000	58

C:\Program Files\Microchip\xc8\v2.32\pic\sources\c90\common\lwmod.c estimated size: 58

spi.c
		_spiWrite      		CODE           	0AAF	0000	6
		_spiInit       		CODE           	0AE7	0000	22
		_spiReceiveWait		CODE           	0AB5	0000	7
		_spiRead       		CODE           	0ABC	0000	9

spi.c estimated size: 44

shared
		__stringtab    		STRING         	0800	0000	6
		_dpowers       		STRING         	0806	0000	10
		__initialization		CODE           	07F6	0000	6

shared estimated size: 22

C:\Program Files\Microchip\xc8\v2.32\pic\sources\c90\common\sprcmul.c
		___flmul       		CODE           	0495	0000	865

C:\Program Files\Microchip\xc8\v2.32\pic\sources\c90\common\sprcmul.c estimated size: 865

C:\Program Files\Microchip\xc8\v2.32\pic\sources\c90\common\sprcdiv.c
		___fldiv       		CODE           	02B8	0000	477

C:\Program Files\Microchip\xc8\v2.32\pic\sources\c90\common\sprcdiv.c estimated size: 477

C:\Program Files\Microchip\xc8\v2.32\pic\sources\c90\common\doprnt.c
		_sprintf       		CODE           	008D	0000	232

C:\Program Files\Microchip\xc8\v2.32\pic\sources\c90\common\doprnt.c estimated size: 232

C:\Program Files\Microchip\xc8\v2.32\pic\sources\c90\common\lwdiv.c
		___lwdiv       		CODE           	0B74	0000	68

C:\Program Files\Microchip\xc8\v2.32\pic\sources\c90\common\lwdiv.c estimated size: 68

C:\Program Files\Microchip\xc8\v2.32\pic\sources\c90\common\fltol.c
		___fltol       		CODE           	0D31	0000	156

C:\Program Files\Microchip\xc8\v2.32\pic\sources\c90\common\fltol.c estimated size: 156

./pwm.h
		_PWM1_Start    		CODE           	0AC5	0000	11
		_PWM2_Start    		CODE           	0AD0	0000	11
		_PWM_Max_Duty  		CODE           	0B45	0000	47
		_PWM1_Duty     		CODE           	0C07	0000	149
		_PWM1_Init_Fre 		CODE           	0BB8	0000	79
		_PWM2_Duty     		CODE           	0C9C	0000	149
		_PWM2_Init_Fre 		CODE           	003E	0000	79

./pwm.h estimated size: 525

C:\Program Files\Microchip\xc8\v2.32\pic\sources\c90\common\aldiv.c
		___aldiv       		CODE           	0DCD	0000	157

C:\Program Files\Microchip\xc8\v2.32\pic\sources\c90\common\aldiv.c estimated size: 157

