Microchip MPLAB XC8 Compiler V2.32

Linker command line:

-W-3 --edf=C:\Program Files\Microchip\xc8\v2.32\pic\dat\en_msgs.txt -cn \
  -h+dist/default/production\SLAVE1.X.production.sym \
  --cmf=dist/default/production\SLAVE1.X.production.cmf -z -Q16F877A \
  -oC:\Users\NGUYEN~1\AppData\Local\Temp\xcAsh34.4 --defsym=__MPLAB_BUILD=1 \
  -Mdist/default/production/SLAVE1.X.production.map -E1 -ver=XC8 Compiler \
  --acfsm=1493 -ASTACK=0110h-016Fh -pstack=STACK -ACODE=00h-07FFhx4 \
  -ASTRCODE=00h-01FFFh -ASTRING=00h-0FFhx32 -ACONST=00h-0FFhx32 \
  -AENTRY=00h-0FFhx32 -ACOMMON=070h-07Fh -ABANK0=020h-06Fh \
  -ABANK1=0A0h-0EFh -ABANK2=0110h-016Fh -ABANK3=0190h-01EFh \
  -ARAM=020h-06Fh,0A0h-0EFh,0110h-016Fh,0190h-01EFh \
  -AABS1=020h-07Fh,0A0h-0EFh,0110h-016Fh,0190h-01EFh -ASFR0=00h-01Fh \
  -ASFR1=080h-09Fh -ASFR2=0100h-010Fh -ASFR3=0180h-018Fh \
  -ACONFIG=02007h-02007h -DCONFIG=2 -AIDLOC=02000h-02003h -DIDLOC=2 \
  -AEEDATA=00h-0FFh/02100h -peeprom_data=EEDATA -DEEDATA=2 -DCODE=2 \
  -DSTRCODE=2 -DSTRING=2 -DCONST=2 -DENTRY=2 \
  -preset_vec=00h,intentry,init,end_init -ppowerup=CODE -pcinit=CODE \
  -pfunctab=ENTRY -k C:\Users\NGUYEN~1\AppData\Local\Temp\xcAsh34.o \
  dist/default/production\SLAVE1.X.production.o 

Object code version is 3.11

Machine type is 16F877A



                Name                               Link     Load   Length Selector   Space Scale
C:\Users\NGUYEN~1\AppData\Local\Temp\xcAsh34.o
                end_init                              0        0        3        0       0
                config                             2007     2007        1        0       4
dist/default/production\SLAVE1.X.production.o
                cinit                               7F3      7F3        D      FE6       0
                config                             2007     2007        1        0       4
                text21                             1695     1695        9     2D2A       0
                text20                             1738     1738       2B     2E70       0
                text19                              804      804        C     1008       0
                text18                             16EC     16EC       25     2DD8       0
                text17                              AC2      AC2      1DD     1584       0
                text16                              88A      88A       A2     1114       0
                text15                             1711     1711       27     2E22       0
                text14                              C9F      C9F      361     193E       0
                text13                             16A7     16A7        B     2D4E       0
                text12                               9E       9E      298      13C       0
                text11                             16C8     16C8       24     2D90       0
                text10                              810      810       7A     1020       0
                text9                               92C      92C       BC     1258       0
                text8                               336      336      4BD      66C       0
                text7                              1763     1763       9D     2EC6       0
                text6                               9E8      9E8       DA     13D0       0
                text5                                 9        9        E       12       0
                text4                              16B2     16B2       16     2D64       0
                text3                              1686     1686        7     2D0C       0
                text2                              169E     169E        9     2D3C       0
                text1                                 3        3        6        0       0
                maintext                             17       17       87       2E       0
                cstackBANK0                          20       20       4C       20       1
                cstackCOMMON                         70       70        D       70       1
                cstackBANK1                          A0       A0       50       A0       1
                clrtext                            168D     168D        8     2D1A       0
                bssBANK3                            190      190       1C      190       1
                strings                            1000     1000       1B     2000       0

TOTAL           Name                               Link     Load   Length     Space
        CLASS   STACK          

        CLASS   CODE           
                end_init                              0        0        3         0
                cinit                               7F3      7F3        D         0
                text21                             1695     1695        9         0
                text20                             1738     1738       2B         0
                text19                              804      804        C         0
                text18                             16EC     16EC       25         0
                text17                              AC2      AC2      1DD         0
                text16                              88A      88A       A2         0
                text15                             1711     1711       27         0
                text14                              C9F      C9F      361         0
                text13                             16A7     16A7        B         0
                text12                               9E       9E      298         0
                text11                             16C8     16C8       24         0
                text10                              810      810       7A         0
                text9                               92C      92C       BC         0
                text8                               336      336      4BD         0
                text7                              1763     1763       9D         0
                text6                               9E8      9E8       DA         0
                text5                                 9        9        E         0
                text4                              16B2     16B2       16         0
                text3                              1686     1686        7         0
                text2                              169E     169E        9         0
                text1                                 3        3        6         0
                maintext                             17       17       87         0
                clrtext                            168D     168D        8         0

        CLASS   STRCODE        

        CLASS   STRING         
                strings                            1000     1000       1B         0

        CLASS   CONST          

        CLASS   ENTRY          

        CLASS   COMMON         
                cstackCOMMON                         70       70        D         1

        CLASS   BANK0          
                cstackBANK0                          20       20       4C         1

        CLASS   BANK1          
                cstackBANK1                          A0       A0       50         1

        CLASS   BANK2          

        CLASS   BANK3          
                bssBANK3                            190      190       1C         1

        CLASS   RAM            

        CLASS   ABS1           
                abs_s1                               7E       7E        2         1

        CLASS   SFR0           

        CLASS   SFR1           

        CLASS   SFR2           

        CLASS   SFR3           

        CLASS   CONFIG         
                config                             2007     2007        1         4

        CLASS   IDLOC          

        CLASS   EEDATA         



SEGMENTS        Name                           Load    Length   Top    Selector   Space  Class     Delta

                reset_vec                      000000  000009  000009         0       0  CODE        2
                text5                          000009  00000E  000017        12       0  CODE        2
                cstackBANK0                    000020  00004C  00006C        20       1  BANK0       1
                maintext                       000017  000087  00009E        2E       0  CODE        2
                cstackCOMMON                   000070  00000D  00007D        70       1  COMMON      1
                cstackBANK1                    0000A0  000050  0000F0        A0       1  BANK1       1
                text12                         00009E  000298  000336       13C       0  CODE        2
                bssBANK3                       000190  00001C  0001AC       190       1  BANK3       1
                text8                          000336  0004BD  0007F3       66C       0  CODE        2
                cinit                          0007F3  00000D  000800       FE6       0  CODE        2
                text19                         000804  00000C  000810      1008       0  CODE        2
                text10                         000810  00007A  00088A      1020       0  CODE        2
                text16                         00088A  0000A2  00092C      1114       0  CODE        2
                text9                          00092C  0000BC  0009E8      1258       0  CODE        2
                text6                          0009E8  0000DA  000AC2      13D0       0  CODE        2
                text17                         000AC2  0001DD  000C9F      1584       0  CODE        2
                text14                         000C9F  000361  001000      193E       0  CODE        2
                strings                        001000  00001B  00101B      2000       0  STRING      2
                text3                          001686  000007  00168D      2D0C       0  CODE        2
                clrtext                        00168D  000008  001695      2D1A       0  CODE        2
                text21                         001695  000009  00169E      2D2A       0  CODE        2
                text2                          00169E  000009  0016A7      2D3C       0  CODE        2
                text13                         0016A7  00000B  0016B2      2D4E       0  CODE        2
                text4                          0016B2  000016  0016C8      2D64       0  CODE        2
                text11                         0016C8  000024  0016EC      2D90       0  CODE        2
                text18                         0016EC  000025  001711      2DD8       0  CODE        2
                text15                         001711  000027  001738      2E22       0  CODE        2
                text20                         001738  00002B  001763      2E70       0  CODE        2
                text7                          001763  00009D  001800      2EC6       0  CODE        2


UNUSED ADDRESS RANGES

        Name                Unused          Largest block    Delta
        BANK0            006C-006F              4           1
        BANK2            0110-016F             60           1
        BANK3            01AC-01EF             44           1
        CODE             0800-0803              4           2
                         101B-1685            66B
                         1800-1FFF            800
        COMMON           007D-007D              1           1
        CONST            0800-0803              4           2
                         101B-1685            100
                         1800-1FFF            100
        EEDATA           2100-21FF            100           2
        ENTRY            0800-0803              4           2
                         101B-1685            100
                         1800-1FFF            100
        IDLOC            2000-2003              4           2
        RAM              006C-006F              4           1
                         0110-016F             60
                         01AC-01EF             44
        SFR0             0000-001F             20           1
        SFR1             0080-009F             20           1
        SFR2             0100-010F             10           1
        SFR3             0180-018F             10           1
        STACK            0110-016F             60           1
        STRCODE          0800-0803              4           2
                         101B-1685            66B
                         1800-1FFF            800
        STRING           0800-0803              4           2
                         101B-1685            100
                         1800-1FFF            100

                                  Symbol Table

?_ADC_Read                cstackCOMMON 0070
?_Quadra_Al               cstackBANK0  005C
?__Umul8_16               cstackCOMMON 0070
?___aldiv                 cstackCOMMON 0070
?___fladd                 cstackCOMMON 0070
?___fldiv                 cstackBANK0  0042
?___flmul                 cstackBANK0  0028
?___flneg                 cstackCOMMON 0070
?___flsub                 cstackBANK0  0042
?___fltol                 cstackCOMMON 0070
?___xxtofl                cstackCOMMON 0075
?_spiDataReady            cstackCOMMON 0070
ADC_Read@channel          cstackCOMMON 0074
Quadra_Al@a               cstackBANK1  00E8
Quadra_Al@b               cstackBANK1  00BC
Quadra_Al@d               cstackBANK1  00C0
Quadra_Al@j               cstackBANK1  00EE
Quadra_Al@max             cstackBANK1  00E4
Quadra_Al@max1            cstackBANK1  00DC
Quadra_Al@max2            cstackBANK1  00D8
Quadra_Al@out             cstackBANK1  00E0
Quadra_Al@x               cstackBANK1  00A0
Quadra_Al@xmax            cstackBANK1  00EC
UART_Init@baudrate        cstackBANK0  0026
UART_Init@x               cstackCOMMON 0079
UART_Write@data           cstackCOMMON 0070
UART_Write_Text@i         cstackCOMMON 0071
UART_Write_Text@text      cstackCOMMON 0073
_ADCON0                   (abs)        001F
_ADCON1                   (abs)        009F
_ADC_Init                 text21       1695
_ADC_Read                 text20       1738
_ADRESH                   (abs)        001E
_ADRESL                   (abs)        009E
_BRGH                     (abs)        04C2
_CREN                     (abs)        00C4
_GIE                      (abs)        005F
_GO_nDONE                 (abs)        00FA
_PEIE                     (abs)        005E
_PORTD                    (abs)        0008
_Quadra_Al                text8        0336
_Quadra_Al$893            cstackBANK1  00C4
_Quadra_Al$894            cstackBANK1  00C8
_Quadra_Al$895            cstackBANK1  00CC
_Quadra_Al$896            cstackBANK1  00D0
_Quadra_Al$897            cstackBANK1  00D4
_RCIF                     (abs)        0065
_RCREG                    (abs)        001A
_RD0                      (abs)        0040
_SPBRG                    (abs)        0099
_SPEN                     (abs)        00C7
_SSPBUF                   (abs)        0013
_SSPCON                   (abs)        0014
_SSPIE                    (abs)        0463
_SSPIF                    (abs)        0063
_SSPSTAT                  (abs)        0094
_SSPSTATbits              (abs)        0094
_SYNC                     (abs)        04C4
_TRISA                    (abs)        0085
_TRISC3                   (abs)        043B
_TRISC5                   (abs)        043D
_TRISC6                   (abs)        043E
_TRISC7                   (abs)        043F
_TRISD                    (abs)        0088
_TRMT                     (abs)        04C1
_TXEN                     (abs)        04C5
_TXREG                    (abs)        0019
_UART_Init                text6        09E8
_UART_Write               text19       0804
_UART_Write_Text          text18       16EC
__Habs1                   abs1         0000
__Hbank0                  bank0        0000
__Hbank1                  bank1        0000
__Hbank2                  bank2        0000
__Hbank3                  bank3        0000
__HbssBANK3               bssBANK3     0000
__Hcinit                  cinit        0800
__Hclrtext                clrtext      0000
__Hcode                   code         0000
__Hcommon                 common       0000
__Hconfig                 config       2008
__HcstackBANK0            cstackBANK0  0000
__HcstackBANK1            cstackBANK1  0000
__HcstackCOMMON           cstackCOMMON 0000
__Heeprom_data            eeprom_data  0000
__Hend_init               end_init     0003
__Hfunctab                functab      0000
__Hinit                   init         0000
__Hintentry               intentry     0000
__Hmaintext               maintext     0000
__Hpowerup                powerup      0000
__Hram                    ram          0000
__Hreset_vec              reset_vec    0000
__Hsfr0                   sfr0         0000
__Hsfr1                   sfr1         0000
__Hsfr2                   sfr2         0000
__Hsfr3                   sfr3         0000
__Hspace_0                (abs)        1800
__Hspace_1                (abs)        01AC
__Hspace_2                (abs)        0000
__Hspace_3                (abs)        0000
__Hspace_4                (abs)        400F
__Hstack                  stack        0000
__Hstrings                strings      0000
__Htext                   text         0000
__Labs1                   abs1         0000
__Lbank0                  bank0        0000
__Lbank1                  bank1        0000
__Lbank2                  bank2        0000
__Lbank3                  bank3        0000
__LbssBANK3               bssBANK3     0000
__Lcinit                  cinit        07F3
__Lclrtext                clrtext      0000
__Lcode                   code         0000
__Lcommon                 common       0000
__Lconfig                 config       0000
__LcstackBANK0            cstackBANK0  0000
__LcstackBANK1            cstackBANK1  0000
__LcstackCOMMON           cstackCOMMON 0000
__Leeprom_data            eeprom_data  0000
__Lend_init               end_init     0000
__Lfunctab                functab      0000
__Linit                   init         0000
__Lintentry               intentry     0000
__Lmaintext               maintext     0000
__Lpowerup                powerup      0000
__Lram                    ram          0000
__Lreset_vec              reset_vec    0000
__Lsfr0                   sfr0         0000
__Lsfr1                   sfr1         0000
__Lsfr2                   sfr2         0000
__Lsfr3                   sfr3         0000
__Lspace_0                (abs)        0000
__Lspace_1                (abs)        0000
__Lspace_2                (abs)        0000
__Lspace_3                (abs)        0000
__Lspace_4                (abs)        0000
__Lstack                  stack        0000
__Lstrings                strings      0000
__Ltext                   text         0000
__S0                      (abs)        1800
__S1                      (abs)        01AC
__S2                      (abs)        0000
__S3                      (abs)        0000
__Umul8_16                text15       1711
__Umul8_16@multiplicand   cstackCOMMON 0070
__Umul8_16@multiplier     cstackCOMMON 0078
__Umul8_16@product        cstackCOMMON 0074
__Umul8_16@word_mpld      cstackCOMMON 0076
___aldiv                  text7        1763
___aldiv@counter          cstackBANK0  0020
___aldiv@dividend         cstackCOMMON 0074
___aldiv@divisor          cstackCOMMON 0070
___aldiv@quotient         cstackBANK0  0022
___aldiv@sign             cstackBANK0  0021
___fladd                  text12       009E
___fladd@a                cstackCOMMON 0074
___fladd@aexp             cstackCOMMON 0079
___fladd@b                cstackCOMMON 0070
___fladd@bexp             cstackCOMMON 007A
___fladd@grs              cstackCOMMON 007B
___fladd@signs            cstackCOMMON 0078
___fldiv                  text17       0AC2
___fldiv@a                cstackBANK0  0042
___fldiv@aexp             cstackBANK0  005B
___fldiv@b                cstackBANK0  0046
___fldiv@bexp             cstackBANK0  005A
___fldiv@grs              cstackBANK0  0056
___fldiv@new_exp          cstackBANK0  0054
___fldiv@rem              cstackBANK0  004F
___fldiv@sign             cstackBANK0  0053
___flge                   text16       088A
___flge@ff1               cstackCOMMON 0070
___flge@ff2               cstackCOMMON 0074
___flmul                  text14       0C9F
___flmul@a                cstackBANK0  002C
___flmul@aexp             cstackBANK0  003A
___flmul@b                cstackBANK0  0028
___flmul@bexp             cstackBANK0  003B
___flmul@grs              cstackBANK0  0036
___flmul@prod             cstackBANK0  003C
___flmul@sign             cstackBANK0  0035
___flmul@temp             cstackBANK0  0040
___flneg                  text13       16A7
___flneg@f1               cstackCOMMON 0070
___flsub                  text11       16C8
___flsub@a                cstackBANK0  0042
___flsub@b                cstackBANK0  0046
___fltol                  text10       0810
___fltol@exp1             cstackCOMMON 007A
___fltol@f1               cstackCOMMON 0070
___fltol@sign1            cstackCOMMON 0079
___int_sp                 stack        0000
___latbits                (abs)        0002
___sp                     stack        0000
___stackhi                (abs)        0000
___stacklo                (abs)        0000
___xxtofl                 text9        092C
___xxtofl@arg             cstackBANK0  0022
___xxtofl@exp             cstackBANK0  0021
___xxtofl@sign            cstackBANK0  0020
___xxtofl@val             cstackCOMMON 0075
__end_of_ADC_Init         text21       169E
__end_of_ADC_Read         text20       1763
__end_of_Quadra_Al        text8        07F3
__end_of_UART_Init        text6        0AC2
__end_of_UART_Write       text19       0810
__end_of_UART_Write_Text  text18       1711
__end_of__Umul8_16        text15       1738
__end_of___aldiv          text7        1800
__end_of___fladd          text12       0336
__end_of___fldiv          text17       0C9F
__end_of___flge           text16       092C
__end_of___flmul          text14       1000
__end_of___flneg          text13       16B2
__end_of___flsub          text11       16EC
__end_of___fltol          text10       088A
__end_of___xxtofl         text9        09E8
__end_of__initialization  cinit        07FC
__end_of__stringtab       strings      1006
__end_of_main             maintext     009E
__end_of_spiDataReady     text5        0017
__end_of_spiInit          text4        16C8
__end_of_spiRead          text2        16A7
__end_of_spiReceiveWait   text3        168D
__end_of_spiWrite         text1        0009
__initialization          cinit        07F3
__pbssBANK3               bssBANK3     0190
__pcstackBANK0            cstackBANK0  0020
__pcstackBANK1            cstackBANK1  00A0
__pcstackCOMMON           cstackCOMMON 0070
__pmaintext               maintext     0017
__pstrings                strings      1000
__ptext1                  text1        0003
__ptext10                 text10       0810
__ptext11                 text11       16C8
__ptext12                 text12       009E
__ptext13                 text13       16A7
__ptext14                 text14       0C9F
__ptext15                 text15       1711
__ptext16                 text16       088A
__ptext17                 text17       0AC2
__ptext18                 text18       16EC
__ptext19                 text19       0804
__ptext2                  text2        169E
__ptext20                 text20       1738
__ptext21                 text21       1695
__ptext3                  text3        1686
__ptext4                  text4        16B2
__ptext5                  text5        0009
__ptext6                  text6        09E8
__ptext7                  text7        1763
__ptext8                  text8        0336
__ptext9                  text9        092C
__size_of_ADC_Init        (abs)        0000
__size_of_ADC_Read        (abs)        0000
__size_of_Quadra_Al       (abs)        0000
__size_of_UART_Init       (abs)        0000
__size_of_UART_Write      (abs)        0000
__size_of_UART_Write_Text (abs)        0000
__size_of__Umul8_16       (abs)        0000
__size_of___aldiv         (abs)        0000
__size_of___fladd         (abs)        0000
__size_of___fldiv         (abs)        0000
__size_of___flge          (abs)        0000
__size_of___flmul         (abs)        0000
__size_of___flneg         (abs)        0000
__size_of___flsub         (abs)        0000
__size_of___fltol         (abs)        0000
__size_of___xxtofl        (abs)        0000
__size_of_main            (abs)        0000
__size_of_spiDataReady    (abs)        0000
__size_of_spiInit         (abs)        0000
__size_of_spiRead         (abs)        0000
__size_of_spiReceiveWait  (abs)        0000
__size_of_spiWrite        (abs)        0000
__stringbase              strings      1005
__stringtab               strings      1000
_main                     maintext     0017
_spiDataReady             text5        0009
_spiInit                  text4        16B2
_spiRead                  text2        169E
_spiReceiveWait           text3        1686
_spiWrite                 text1        0003
btemp                     (abs)        007E
clear_ram0                clrtext      168D
end_of_initialization     cinit        07FC
intlevel0                 functab      0000
intlevel1                 functab      0000
intlevel2                 functab      0000
intlevel3                 functab      0000
intlevel4                 functab      0000
intlevel5                 functab      0000
main@data                 cstackBANK0  0068
reset_vec                 reset_vec    0000
spiInit@sClockIdle        cstackCOMMON 0071
spiInit@sDataSample       cstackCOMMON 0070
spiInit@sTransmitEdge     cstackCOMMON 0072
spiInit@sType             cstackCOMMON 0073
spiWrite@dat              cstackCOMMON 0070
start                     init         0000
start_initialization      cinit        07F3
wtemp0                    (abs)        007E


MODULE INFORMATION

Module		Function		Class		Link	Load	Size
C:\Program Files\Microchip\xc8\v2.32\pic\sources\c90\common\sprcadd.c
		___flsub       		CODE           	16C8	0000	36
		___fladd       		CODE           	009E	0000	664

C:\Program Files\Microchip\xc8\v2.32\pic\sources\c90\common\sprcadd.c estimated size: 700

C:\Program Files\Microchip\xc8\v2.32\pic\sources\c90\common\flge.c
		___flge        		CODE           	088A	0000	162

C:\Program Files\Microchip\xc8\v2.32\pic\sources\c90\common\flge.c estimated size: 162

C:\Program Files\Microchip\xc8\v2.32\pic\sources\c90\common\flneg.c
		___flneg       		CODE           	16A7	0000	11

C:\Program Files\Microchip\xc8\v2.32\pic\sources\c90\common\flneg.c estimated size: 11

C:\Program Files\Microchip\xc8\v2.32\pic\sources\c90\common\xxtofl.c
		___xxtofl      		CODE           	092C	0000	188

C:\Program Files\Microchip\xc8\v2.32\pic\sources\c90\common\xxtofl.c estimated size: 188

C:\Program Files\Microchip\xc8\v2.32\pic\sources\c90\common\Umul8_16.c
		__Umul8_16     		CODE           	1711	0000	39

C:\Program Files\Microchip\xc8\v2.32\pic\sources\c90\common\Umul8_16.c estimated size: 39

newmain.c
		_main          		CODE           	0017	0000	135
		_Quadra_Al     		CODE           	0336	0000	1213
		_ADC_Read      		CODE           	1738	0000	43
		_ADC_Init      		CODE           	1695	0000	9

newmain.c estimated size: 1400

./uart.h
		_UART_Init     		CODE           	09E8	0000	218
		_UART_Write_Text		CODE           	16EC	0000	37
		_UART_Write    		CODE           	0804	0000	12

./uart.h estimated size: 267

spi.c
		_spiWrite      		CODE           	0003	0000	6
		_spiInit       		CODE           	16B2	0000	22
		_spiDataReady  		CODE           	0009	0000	14
		_spiReceiveWait		CODE           	1686	0000	7
		_spiRead       		CODE           	169E	0000	9

spi.c estimated size: 58

shared
		__stringtab    		STRING         	1000	0000	6
		__initialization		CODE           	07F3	0000	9

shared estimated size: 15

C:\Program Files\Microchip\xc8\v2.32\pic\sources\c90\common\sprcmul.c
		___flmul       		CODE           	0C9F	0000	865

C:\Program Files\Microchip\xc8\v2.32\pic\sources\c90\common\sprcmul.c estimated size: 865

C:\Program Files\Microchip\xc8\v2.32\pic\sources\c90\common\sprcdiv.c
		___fldiv       		CODE           	0AC2	0000	477

C:\Program Files\Microchip\xc8\v2.32\pic\sources\c90\common\sprcdiv.c estimated size: 477

C:\Program Files\Microchip\xc8\v2.32\pic\sources\c90\common\fltol.c
		___fltol       		CODE           	0810	0000	122

C:\Program Files\Microchip\xc8\v2.32\pic\sources\c90\common\fltol.c estimated size: 122

C:\Program Files\Microchip\xc8\v2.32\pic\sources\c90\common\aldiv.c
		___aldiv       		CODE           	1763	0000	157

C:\Program Files\Microchip\xc8\v2.32\pic\sources\c90\common\aldiv.c estimated size: 157

