Microchip MPLAB XC8 Compiler V2.32

Linker command line:

-W-3 --edf=C:\Program Files\Microchip\xc8\v2.32\pic\dat\en_msgs.txt -cn \
  -h+dist/default/production\SLAVE1.X.production.sym \
  --cmf=dist/default/production\SLAVE1.X.production.cmf -z -Q16F877A \
  -oC:\Users\songa\AppData\Local\Temp\xcAs5qk.4 --defsym=__MPLAB_BUILD=1 \
  -Mdist/default/production/SLAVE1.X.production.map -E1 -ver=XC8 Compiler \
  --acfsm=1493 -ASTACK=0110h-016Fh -pstack=STACK -ACODE=00h-07FFhx4 \
  -ASTRCODE=00h-01FFFh -ASTRING=00h-0FFhx32 -ACONST=00h-0FFhx32 \
  -AENTRY=00h-0FFhx32 -ACOMMON=070h-07Fh -ABANK0=020h-06Fh \
  -ABANK1=0A0h-0EFh -ABANK2=0110h-016Fh -ABANK3=0190h-01EFh \
  -ARAM=020h-06Fh,0A0h-0EFh,0110h-016Fh,0190h-01EFh \
  -AABS1=020h-07Fh,0A0h-0EFh,0110h-016Fh,0190h-01EFh -ASFR0=00h-01Fh \
  -ASFR1=080h-09Fh -ASFR2=0100h-010Fh -ASFR3=0180h-018Fh \
  -ACONFIG=02007h-02007h -DCONFIG=2 -AIDLOC=02000h-02003h -DIDLOC=2 \
  -AEEDATA=00h-0FFh/02100h -peeprom_data=EEDATA -DEEDATA=2 -DCODE=2 \
  -DSTRCODE=2 -DSTRING=2 -DCONST=2 -DENTRY=2 \
  -preset_vec=00h,intentry,init,end_init -ppowerup=CODE -pcinit=CODE \
  -pfunctab=ENTRY -k C:\Users\songa\AppData\Local\Temp\xcAs5qk.o \
  dist/default/production\SLAVE1.X.production.o 

Object code version is 3.11

Machine type is 16F877A



                Name                               Link     Load   Length Selector   Space Scale
C:\Users\songa\AppData\Local\Temp\xcAs5qk.o
                end_init                              0        0        3        0       0
                config                             2007     2007        1        0       4
dist/default/production\SLAVE1.X.production.o
                cinit                               7EE      7EE       12      FDC       0
                config                             2007     2007        1        0       4
                text23                             1567     1567        9     2ACE       0
                text22                             1584     1584        C     2B08       0
                text21                             15D5     15D5       21     2BAA       0
                text20                              B8B      B8B      1DD     1716       0
                text19                              86D      86D       A2     10DA       0
                text18                              802      802       27     1004       0
                text17                               15       15      361       2A       0
                text16                             1579     1579        B     2AF2       0
                text15                              D68      D68      298     1AD0       0
                text14                             15F6     15F6       24     2BEC       0
                text13                              90F      90F       BA     121E       0
                text12                              829      829       44     1052       0
                text11                             161A     161A       3A     2C34       0
                text10                              AA3      AA3       E8     1546       0
                text9                               376      376      478      6EC       0
                text8                              1763     1763       9D     2EC6       0
                text7                               9C9      9C9       DA     1392       0
                text6                              1654     1654       7A     2CA8       0
                text5                                 7        7        E        E       0
                text4                              15A3     15A3       16     2B46       0
                text3                              1560     1560        7     2AC0       0
                text2                              1570     1570        9     2AE0       0
                text1                              155A     155A        6     2AB4       0
                maintext                           16CE     16CE       95     2D9C       0
                cstackBANK0                          20       20       50       20       1
                cstackCOMMON                         70       70        E       70       1
                cstackBANK1                          A0       A0       4D       A0       1
                cstackBANK3                         190      190       30      190       1
                inittext                           1590     1590       13     2B20       0
                dataBANK3                           1C0      1C0       1C      190       1
                strings                            1000     1000       30     2000       0
                idataBANK3                         15B9     15B9       1C     2B72       0

TOTAL           Name                               Link     Load   Length     Space
        CLASS   STACK          

        CLASS   CODE           
                end_init                              0        0        3         0
                cinit                               7EE      7EE       12         0
                text23                             1567     1567        9         0
                text22                             1584     1584        C         0
                text21                             15D5     15D5       21         0
                text20                              B8B      B8B      1DD         0
                text19                              86D      86D       A2         0
                text18                              802      802       27         0
                text17                               15       15      361         0
                text16                             1579     1579        B         0
                text15                              D68      D68      298         0
                text14                             15F6     15F6       24         0
                text13                              90F      90F       BA         0
                text12                              829      829       44         0
                text11                             161A     161A       3A         0
                text10                              AA3      AA3       E8         0
                text9                               376      376      478         0
                text8                              1763     1763       9D         0
                text7                               9C9      9C9       DA         0
                text6                              1654     1654       7A         0
                text5                                 7        7        E         0
                text4                              15A3     15A3       16         0
                text3                              1560     1560        7         0
                text2                              1570     1570        9         0
                text1                              155A     155A        6         0
                maintext                           16CE     16CE       95         0
                inittext                           1590     1590       13         0
                idataBANK3                         15B9     15B9       1C         0

        CLASS   STRCODE        

        CLASS   STRING         
                strings                            1000     1000       30         0

        CLASS   CONST          

        CLASS   ENTRY          

        CLASS   COMMON         
                cstackCOMMON                         70       70        E         1

        CLASS   BANK0          
                cstackBANK0                          20       20       50         1

        CLASS   BANK1          
                cstackBANK1                          A0       A0       4D         1

        CLASS   BANK2          

        CLASS   BANK3          
                cstackBANK3                         190      190       30         1
                dataBANK3                           1C0      1C0       1C         1

        CLASS   RAM            

        CLASS   ABS1           
                abs_s1                               7E       7E        2         1

        CLASS   SFR0           

        CLASS   SFR1           

        CLASS   SFR2           

        CLASS   SFR3           

        CLASS   CONFIG         
                config                             2007     2007        1         4

        CLASS   IDLOC          

        CLASS   EEDATA         



SEGMENTS        Name                           Load    Length   Top    Selector   Space  Class     Delta

                reset_vec                      000000  000003  000003         0       0  CODE        2
                text5                          000007  00000E  000015         E       0  CODE        2
                cstackBANK0                    000020  000050  000070        20       1  BANK0       1
                text17                         000015  000361  000376        2A       0  CODE        2
                cstackCOMMON                   000070  00000E  00007E        70       1  COMMON      1
                cstackBANK1                    0000A0  00004D  0000ED        A0       1  BANK1       1
                cstackBANK3                    000190  00004C  0001DC       190       1  BANK3       1
                text9                          000376  000478  0007EE       6EC       0  CODE        2
                cinit                          0007EE  000012  000800       FDC       0  CODE        2
                text18                         000802  000027  000829      1004       0  CODE        2
                text12                         000829  000044  00086D      1052       0  CODE        2
                text19                         00086D  0000A2  00090F      10DA       0  CODE        2
                text13                         00090F  0000BA  0009C9      121E       0  CODE        2
                text7                          0009C9  0000DA  000AA3      1392       0  CODE        2
                text10                         000AA3  0000E8  000B8B      1546       0  CODE        2
                text20                         000B8B  0001DD  000D68      1716       0  CODE        2
                text15                         000D68  000298  001000      1AD0       0  CODE        2
                strings                        001000  000030  001030      2000       0  STRING      2
                text1                          00155A  000006  001560      2AB4       0  CODE        2
                text3                          001560  000007  001567      2AC0       0  CODE        2
                text23                         001567  000009  001570      2ACE       0  CODE        2
                text2                          001570  000009  001579      2AE0       0  CODE        2
                text16                         001579  00000B  001584      2AF2       0  CODE        2
                text22                         001584  00000C  001590      2B08       0  CODE        2
                inittext                       001590  000013  0015A3      2B20       0  CODE        2
                text4                          0015A3  000016  0015B9      2B46       0  CODE        2
                idataBANK3                     0015B9  00001C  0015D5      2B72       0  CODE        2
                text21                         0015D5  000021  0015F6      2BAA       0  CODE        2
                text14                         0015F6  000024  00161A      2BEC       0  CODE        2
                text11                         00161A  00003A  001654      2C34       0  CODE        2
                text6                          001654  00007A  0016CE      2CA8       0  CODE        2
                maintext                       0016CE  000095  001763      2D9C       0  CODE        2
                text8                          001763  00009D  001800      2EC6       0  CODE        2


UNUSED ADDRESS RANGES

        Name                Unused          Largest block    Delta
        BANK1            00ED-00EF              3           1
        BANK2            0110-016F             60           1
        BANK3            01DC-01EF             14           1
        CODE             0003-0006              4           2
                         0800-0801              2
                         1030-1559            52A
                         1800-1FFF            800
        CONST            0003-0006              4           2
                         0800-0801              2
                         1030-1559            100
                         1800-1FFF            100
        EEDATA           2100-21FF            100           2
        ENTRY            0003-0006              4           2
                         0800-0801              2
                         1030-1559            100
                         1800-1FFF            100
        IDLOC            2000-2003              4           2
        RAM              00ED-00EF              3           1
                         0110-016F             60
                         01DC-01EF             14
        SFR0             0000-001F             20           1
        SFR1             0080-009F             20           1
        SFR2             0100-010F             10           1
        SFR3             0180-018F             10           1
        STACK            0110-016F             60           1
        STRCODE          0003-0006              4           2
                         0800-0801              2
                         1030-1559            52A
                         1800-1FFF            800
        STRING           0003-0006              4           2
                         0800-0801              2
                         1030-1559            100
                         1800-1FFF            100

                                  Symbol Table

?_Quadra_Al               cstackBANK0  005C
?__Umul8_16               cstackCOMMON 0070
?___aldiv                 cstackCOMMON 0070
?___fladd                 cstackCOMMON 0070
?___fldiv                 cstackBANK0  0042
?___flmul                 cstackBANK0  0028
?___flneg                 cstackCOMMON 0070
?___flsub                 cstackBANK0  0042
?___fltol                 cstackCOMMON 0070
?___lwdiv                 cstackCOMMON 0070
?___lwmod                 cstackCOMMON 0078
?___xxtofl                cstackCOMMON 0070
?_spiDataReady            cstackCOMMON 0070
?_sprintf                 cstackBANK0  0020
Quadra_Al@F1224           dataBANK3    01C0
Quadra_Al@a               cstackBANK3  01B4
Quadra_Al@b               cstackBANK0  0068
Quadra_Al@d               cstackBANK0  006C
Quadra_Al@j               cstackBANK1  00E8
Quadra_Al@max             cstackBANK3  01B8
Quadra_Al@max1            cstackBANK3  01AC
Quadra_Al@max2            cstackBANK0  0064
Quadra_Al@out             cstackBANK3  01B0
Quadra_Al@uart_logs       cstackBANK1  00A0
Quadra_Al@x               cstackBANK3  0190
Quadra_Al@xmax            cstackBANK1  00E6
UART_Init@baudrate        cstackBANK0  0026
UART_Init@x               cstackCOMMON 0079
UART_Write@data           cstackCOMMON 0070
UART_Write_Text@i         cstackCOMMON 0072
UART_Write_Text@text      cstackCOMMON 0074
_ADCON0                   (abs)        001F
_ADCON1                   (abs)        009F
_ADC_Init                 text23       1567
_ADRESH                   (abs)        001E
_ADRESL                   (abs)        009E
_BRGH                     (abs)        04C2
_CREN                     (abs)        00C4
_GIE                      (abs)        005F
_GO_nDONE                 (abs)        00FA
_PEIE                     (abs)        005E
_PORTD                    (abs)        0008
_Quadra_Al                text9        0376
_Quadra_Al$924            cstackBANK1  00D2
_Quadra_Al$925            cstackBANK1  00D6
_Quadra_Al$926            cstackBANK1  00DA
_Quadra_Al$927            cstackBANK1  00DE
_Quadra_Al$928            cstackBANK1  00E2
_RCIF                     (abs)        0065
_RCREG                    (abs)        001A
_RD0                      (abs)        0040
_SPBRG                    (abs)        0099
_SPEN                     (abs)        00C7
_SSPBUF                   (abs)        0013
_SSPCON                   (abs)        0014
_SSPIE                    (abs)        0463
_SSPIF                    (abs)        0063
_SSPSTAT                  (abs)        0094
_SSPSTATbits              (abs)        0094
_SYNC                     (abs)        04C4
_TRISA                    (abs)        0085
_TRISC3                   (abs)        043B
_TRISC5                   (abs)        043D
_TRISC6                   (abs)        043E
_TRISC7                   (abs)        043F
_TRISD                    (abs)        0088
_TRMT                     (abs)        04C1
_TXEN                     (abs)        04C5
_TXREG                    (abs)        0019
_UART_Init                text7        09C9
_UART_Write               text22       1584
_UART_Write_Text          text21       15D5
__Habs1                   abs1         0000
__Hbank0                  bank0        0000
__Hbank1                  bank1        0000
__Hbank2                  bank2        0000
__Hbank3                  bank3        0000
__Hcinit                  cinit        0800
__Hclrtext                clrtext      0000
__Hcode                   code         0000
__Hcommon                 common       0000
__Hconfig                 config       2008
__HcstackBANK0            cstackBANK0  0000
__HcstackBANK1            cstackBANK1  0000
__HcstackBANK3            cstackBANK3  0000
__HcstackCOMMON           cstackCOMMON 0000
__HdataBANK3              dataBANK3    0000
__Heeprom_data            eeprom_data  0000
__Hend_init               end_init     0003
__Hfunctab                functab      0000
__HidataBANK3             idataBANK3   0000
__Hinit                   init         0000
__Hinittext               inittext     0000
__Hintentry               intentry     0000
__Hmaintext               maintext     0000
__Hpowerup                powerup      0000
__Hram                    ram          0000
__Hreset_vec              reset_vec    0000
__Hsfr0                   sfr0         0000
__Hsfr1                   sfr1         0000
__Hsfr2                   sfr2         0000
__Hsfr3                   sfr3         0000
__Hspace_0                (abs)        1800
__Hspace_1                (abs)        01DC
__Hspace_2                (abs)        0000
__Hspace_3                (abs)        0000
__Hspace_4                (abs)        400F
__Hstack                  stack        0000
__Hstrings                strings      0000
__Htext                   text         0000
__Labs1                   abs1         0000
__Lbank0                  bank0        0000
__Lbank1                  bank1        0000
__Lbank2                  bank2        0000
__Lbank3                  bank3        0000
__Lcinit                  cinit        07EE
__Lclrtext                clrtext      0000
__Lcode                   code         0000
__Lcommon                 common       0000
__Lconfig                 config       0000
__LcstackBANK0            cstackBANK0  0000
__LcstackBANK1            cstackBANK1  0000
__LcstackBANK3            cstackBANK3  0000
__LcstackCOMMON           cstackCOMMON 0000
__LdataBANK3              dataBANK3    0000
__Leeprom_data            eeprom_data  0000
__Lend_init               end_init     0000
__Lfunctab                functab      0000
__LidataBANK3             idataBANK3   0000
__Linit                   init         0000
__Linittext               inittext     0000
__Lintentry               intentry     0000
__Lmaintext               maintext     0000
__Lpowerup                powerup      0000
__Lram                    ram          0000
__Lreset_vec              reset_vec    0000
__Lsfr0                   sfr0         0000
__Lsfr1                   sfr1         0000
__Lsfr2                   sfr2         0000
__Lsfr3                   sfr3         0000
__Lspace_0                (abs)        0000
__Lspace_1                (abs)        0000
__Lspace_2                (abs)        0000
__Lspace_3                (abs)        0000
__Lspace_4                (abs)        0000
__Lstack                  stack        0000
__Lstrings                strings      0000
__Ltext                   text         0000
__S0                      (abs)        1800
__S1                      (abs)        01DC
__S2                      (abs)        0000
__S3                      (abs)        0000
__Umul8_16                text18       0802
__Umul8_16@multiplicand   cstackCOMMON 0070
__Umul8_16@multiplier     cstackCOMMON 0078
__Umul8_16@product        cstackCOMMON 0074
__Umul8_16@word_mpld      cstackCOMMON 0076
___aldiv                  text8        1763
___aldiv@counter          cstackBANK0  0020
___aldiv@dividend         cstackCOMMON 0074
___aldiv@divisor          cstackCOMMON 0070
___aldiv@quotient         cstackBANK0  0022
___aldiv@sign             cstackBANK0  0021
___fladd                  text15       0D68
___fladd@a                cstackCOMMON 0074
___fladd@aexp             cstackCOMMON 0079
___fladd@b                cstackCOMMON 0070
___fladd@bexp             cstackCOMMON 007A
___fladd@grs              cstackCOMMON 007B
___fladd@signs            cstackCOMMON 0078
___fldiv                  text20       0B8B
___fldiv@a                cstackBANK0  0042
___fldiv@aexp             cstackBANK0  005B
___fldiv@b                cstackBANK0  0046
___fldiv@bexp             cstackBANK0  005A
___fldiv@grs              cstackBANK0  0056
___fldiv@new_exp          cstackBANK0  0054
___fldiv@rem              cstackBANK0  004F
___fldiv@sign             cstackBANK0  0053
___flge                   text19       086D
___flge@ff1               cstackCOMMON 0070
___flge@ff2               cstackCOMMON 0074
___flmul                  text17       0015
___flmul@a                cstackBANK0  002C
___flmul@aexp             cstackBANK0  003A
___flmul@b                cstackBANK0  0028
___flmul@bexp             cstackBANK0  003B
___flmul@grs              cstackBANK0  0036
___flmul@prod             cstackBANK0  003C
___flmul@sign             cstackBANK0  0035
___flmul@temp             cstackBANK0  0040
___flneg                  text16       1579
___flneg@f1               cstackCOMMON 0070
___flsub                  text14       15F6
___flsub@a                cstackBANK0  0042
___flsub@b                cstackBANK0  0046
___fltol                  text6        1654
___fltol@exp1             cstackCOMMON 007A
___fltol@f1               cstackCOMMON 0070
___fltol@sign1            cstackCOMMON 0079
___int_sp                 stack        0000
___latbits                (abs)        0002
___lwdiv                  text12       0829
___lwdiv@counter          cstackCOMMON 0077
___lwdiv@dividend         cstackCOMMON 0072
___lwdiv@divisor          cstackCOMMON 0070
___lwdiv@quotient         cstackCOMMON 0075
___lwmod                  text11       161A
___lwmod@counter          cstackCOMMON 007D
___lwmod@dividend         cstackCOMMON 007A
___lwmod@divisor          cstackCOMMON 0078
___sp                     stack        0000
___stackhi                (abs)        0000
___stacklo                (abs)        0000
___xxtofl                 text13       090F
___xxtofl@arg             cstackCOMMON 007A
___xxtofl@exp             cstackCOMMON 0079
___xxtofl@sign            cstackCOMMON 0078
___xxtofl@val             cstackCOMMON 0070
__end_of_ADC_Init         text23       1570
__end_of_Quadra_Al        text9        07EE
__end_of_UART_Init        text7        0AA3
__end_of_UART_Write       text22       1590
__end_of_UART_Write_Text  text21       15F6
__end_of__Umul8_16        text18       0829
__end_of___aldiv          text8        1800
__end_of___fladd          text15       1000
__end_of___fldiv          text20       0D68
__end_of___flge           text19       090F
__end_of___flmul          text17       0376
__end_of___flneg          text16       1584
__end_of___flsub          text14       161A
__end_of___fltol          text6        16CE
__end_of___lwdiv          text12       086D
__end_of___lwmod          text11       1654
__end_of___xxtofl         text13       09C9
__end_of__initialization  cinit        07FC
__end_of__stringtab       strings      1006
__end_of_dpowers          strings      1010
__end_of_main             maintext     1763
__end_of_spiDataReady     text5        0015
__end_of_spiInit          text4        15B9
__end_of_spiRead          text2        1579
__end_of_spiReceiveWait   text3        1567
__end_of_spiWrite         text1        1560
__end_of_sprintf          text10       0B8B
__initialization          cinit        07EE
__pcstackBANK0            cstackBANK0  0020
__pcstackBANK1            cstackBANK1  00A0
__pcstackBANK3            cstackBANK3  0190
__pcstackCOMMON           cstackCOMMON 0070
__pdataBANK3              dataBANK3    01C0
__pidataBANK3             idataBANK3   15B9
__pmaintext               maintext     16CE
__pstrings                strings      1000
__ptext1                  text1        155A
__ptext10                 text10       0AA3
__ptext11                 text11       161A
__ptext12                 text12       0829
__ptext13                 text13       090F
__ptext14                 text14       15F6
__ptext15                 text15       0D68
__ptext16                 text16       1579
__ptext17                 text17       0015
__ptext18                 text18       0802
__ptext19                 text19       086D
__ptext2                  text2        1570
__ptext20                 text20       0B8B
__ptext21                 text21       15D5
__ptext22                 text22       1584
__ptext23                 text23       1567
__ptext3                  text3        1560
__ptext4                  text4        15A3
__ptext5                  text5        0007
__ptext6                  text6        1654
__ptext7                  text7        09C9
__ptext8                  text8        1763
__ptext9                  text9        0376
__size_of_ADC_Init        (abs)        0000
__size_of_Quadra_Al       (abs)        0000
__size_of_UART_Init       (abs)        0000
__size_of_UART_Write      (abs)        0000
__size_of_UART_Write_Text (abs)        0000
__size_of__Umul8_16       (abs)        0000
__size_of___aldiv         (abs)        0000
__size_of___fladd         (abs)        0000
__size_of___fldiv         (abs)        0000
__size_of___flge          (abs)        0000
__size_of___flmul         (abs)        0000
__size_of___flneg         (abs)        0000
__size_of___flsub         (abs)        0000
__size_of___fltol         (abs)        0000
__size_of___lwdiv         (abs)        0000
__size_of___lwmod         (abs)        0000
__size_of___xxtofl        (abs)        0000
__size_of_main            (abs)        0000
__size_of_spiDataReady    (abs)        0000
__size_of_spiInit         (abs)        0000
__size_of_spiRead         (abs)        0000
__size_of_spiReceiveWait  (abs)        0000
__size_of_spiWrite        (abs)        0000
__size_of_sprintf         (abs)        0000
__stringbase              strings      1005
__stringtab               strings      1000
_dpowers                  strings      1006
_main                     maintext     16CE
_spiDataReady             text5        0007
_spiInit                  text4        15A3
_spiRead                  text2        1570
_spiReceiveWait           text3        1560
_spiWrite                 text1        155A
_sprintf                  text10       0AA3
btemp                     (abs)        007E
end_of_initialization     cinit        07FC
init_fetch0               inittext     1590
init_ram0                 inittext     1594
intlevel0                 functab      0000
intlevel1                 functab      0000
intlevel2                 functab      0000
intlevel3                 functab      0000
intlevel4                 functab      0000
intlevel5                 functab      0000
main@data                 cstackBANK3  01BC
reset_vec                 reset_vec    0000
spiInit@sClockIdle        cstackCOMMON 0071
spiInit@sDataSample       cstackCOMMON 0070
spiInit@sTransmitEdge     cstackCOMMON 0072
spiInit@sType             cstackCOMMON 0073
spiWrite@dat              cstackCOMMON 0070
sprintf@ap                cstackBANK0  0040
sprintf@c                 cstackBANK0  0046
sprintf@f                 cstackBANK0  0020
sprintf@flag              cstackBANK0  0041
sprintf@prec              cstackBANK0  0042
sprintf@sp                cstackBANK0  0045
sprintf@val               cstackBANK0  0043
start                     init         0000
start_initialization      cinit        07EE
wtemp0                    (abs)        007E


MODULE INFORMATION

Module		Function		Class		Link	Load	Size
C:\Program Files\Microchip\xc8\v2.32\pic\sources\c90\common\sprcadd.c
		___flsub       		CODE           	15F6	0000	36
		___fladd       		CODE           	0D68	0000	664

C:\Program Files\Microchip\xc8\v2.32\pic\sources\c90\common\sprcadd.c estimated size: 700

C:\Program Files\Microchip\xc8\v2.32\pic\sources\c90\common\flge.c
		___flge        		CODE           	086D	0000	162

C:\Program Files\Microchip\xc8\v2.32\pic\sources\c90\common\flge.c estimated size: 162

C:\Program Files\Microchip\xc8\v2.32\pic\sources\c90\common\flneg.c
		___flneg       		CODE           	1579	0000	11

C:\Program Files\Microchip\xc8\v2.32\pic\sources\c90\common\flneg.c estimated size: 11

C:\Program Files\Microchip\xc8\v2.32\pic\sources\c90\common\xxtofl.c
		___xxtofl      		CODE           	090F	0000	186

C:\Program Files\Microchip\xc8\v2.32\pic\sources\c90\common\xxtofl.c estimated size: 186

C:\Program Files\Microchip\xc8\v2.32\pic\sources\c90\common\Umul8_16.c
		__Umul8_16     		CODE           	0802	0000	39

C:\Program Files\Microchip\xc8\v2.32\pic\sources\c90\common\Umul8_16.c estimated size: 39

newmain.c
		_main          		CODE           	16CE	0000	149
		_Quadra_Al     		CODE           	0376	0000	1144
		_ADC_Init      		CODE           	1567	0000	9

newmain.c estimated size: 1302

./uart.h
		_UART_Init     		CODE           	09C9	0000	218
		_UART_Write_Text		CODE           	15D5	0000	33
		_UART_Write    		CODE           	1584	0000	12

./uart.h estimated size: 263

C:\Program Files\Microchip\xc8\v2.32\pic\sources\c90\common\lwmod.c
		___lwmod       		CODE           	161A	0000	58

C:\Program Files\Microchip\xc8\v2.32\pic\sources\c90\common\lwmod.c estimated size: 58

spi.c
		_spiWrite      		CODE           	155A	0000	6
		_spiInit       		CODE           	15A3	0000	22
		_spiDataReady  		CODE           	0007	0000	14
		_spiReceiveWait		CODE           	1560	0000	7
		_spiRead       		CODE           	1570	0000	9

spi.c estimated size: 58

shared
		__stringtab    		STRING         	1000	0000	6
		_dpowers       		STRING         	1006	0000	10
		__initialization		CODE           	07EE	0000	14

shared estimated size: 30

C:\Program Files\Microchip\xc8\v2.32\pic\sources\c90\common\sprcmul.c
		___flmul       		CODE           	0015	0000	865

C:\Program Files\Microchip\xc8\v2.32\pic\sources\c90\common\sprcmul.c estimated size: 865

C:\Program Files\Microchip\xc8\v2.32\pic\sources\c90\common\sprcdiv.c
		___fldiv       		CODE           	0B8B	0000	477

C:\Program Files\Microchip\xc8\v2.32\pic\sources\c90\common\sprcdiv.c estimated size: 477

C:\Program Files\Microchip\xc8\v2.32\pic\sources\c90\common\doprnt.c
		_sprintf       		CODE           	0AA3	0000	232

C:\Program Files\Microchip\xc8\v2.32\pic\sources\c90\common\doprnt.c estimated size: 232

C:\Program Files\Microchip\xc8\v2.32\pic\sources\c90\common\lwdiv.c
		___lwdiv       		CODE           	0829	0000	68

C:\Program Files\Microchip\xc8\v2.32\pic\sources\c90\common\lwdiv.c estimated size: 68

C:\Program Files\Microchip\xc8\v2.32\pic\sources\c90\common\fltol.c
		___fltol       		CODE           	1654	0000	122

C:\Program Files\Microchip\xc8\v2.32\pic\sources\c90\common\fltol.c estimated size: 122

C:\Program Files\Microchip\xc8\v2.32\pic\sources\c90\common\aldiv.c
		___aldiv       		CODE           	1763	0000	157

C:\Program Files\Microchip\xc8\v2.32\pic\sources\c90\common\aldiv.c estimated size: 157

