Microchip MPLAB XC8 Compiler V2.32

Linker command line:

-W-3 --edf=C:\Program Files\Microchip\xc8\v2.32\pic\dat\en_msgs.txt -cn \
  -h+dist/default/production\C_CONTROL.X.production.sym \
  --cmf=dist/default/production\C_CONTROL.X.production.cmf -z -Q16F877A \
  -oC:\Users\NGUYEN~1\AppData\Local\Temp\xcAsb9k.4 --defsym=__MPLAB_BUILD=1 \
  -Mdist/default/production/C_CONTROL.X.production.map -E1 \
  -ver=XC8 Compiler --acfsm=1493 -ASTACK=0110h-016Fh -pstack=STACK \
  -ACODE=00h-07FFhx4 -ASTRCODE=00h-01FFFh -ASTRING=00h-0FFhx32 \
  -ACONST=00h-0FFhx32 -AENTRY=00h-0FFhx32 -ACOMMON=070h-07Fh \
  -ABANK0=020h-06Fh -ABANK1=0A0h-0EFh -ABANK2=0110h-016Fh \
  -ABANK3=0190h-01EFh -ARAM=020h-06Fh,0A0h-0EFh,0110h-016Fh,0190h-01EFh \
  -AABS1=020h-07Fh,0A0h-0EFh,0110h-016Fh,0190h-01EFh -ASFR0=00h-01Fh \
  -ASFR1=080h-09Fh -ASFR2=0100h-010Fh -ASFR3=0180h-018Fh \
  -ACONFIG=02007h-02007h -DCONFIG=2 -AIDLOC=02000h-02003h -DIDLOC=2 \
  -AEEDATA=00h-0FFh/02100h -peeprom_data=EEDATA -DEEDATA=2 -DCODE=2 \
  -DSTRCODE=2 -DSTRING=2 -DCONST=2 -DENTRY=2 \
  -preset_vec=00h,intentry,init,end_init -ppowerup=CODE -pcinit=CODE \
  -pfunctab=ENTRY -k C:\Users\NGUYEN~1\AppData\Local\Temp\xcAsb9k.o \
  dist/default/production\C_CONTROL.X.production.o 

Object code version is 3.11

Machine type is 16F877A



                Name                               Link     Load   Length Selector   Space Scale
C:\Users\NGUYEN~1\AppData\Local\Temp\xcAsb9k.o
                end_init                              0        0        3        0       0
                config                             2007     2007        1        0       4
dist/default/production\C_CONTROL.X.production.o
                cinit                               7D6      7D6       2A      FAC       0
                config                             2007     2007        1        0       4
                text14                              192      192        9      324       0
                text13                              1F9      1F9       2B      3F2       0
                text12                              19B      19B        C      336       0
                text11                              2E0      2E0       42      5C0       0
                text10                              3BD      3BD       69      77A       0
                text9                               1D4      1D4       25      3A8       0
                text8                               322      322       44      644       0
                text7                               224      224       3A      448       0
                text6                               59F      59F       E8      B3E       0
                text5                               687      687      14F      D0E       0
                text4                               426      426       9D      84C       0
                text3                               25E      25E       41      4BC       0
                text2                               29F      29F       41      53E       0
                text1                               4C3      4C3       DC      986       0
                maintext                            366      366       57      6CC       0
                cstackBANK0                          20       20       27       20       1
                cstackCOMMON                         70       70        E       70       1
                cstackBANK1                          A0       A0       37       A0       1
                clrtext                             18A      18A        8      314       0
                inittext                            1C1      1C1       13      382       0
                dataBANK1                            D7       D7        C       A0       1
                bssBANK1                             E3       E3        1       A0       1
                dataBANK0                            5B       5B        E       20       1
                bssBANK0                             47       47       14       20       1
                nvBANK0                              69       69        4       20       1
                strings                               3        3       7C        6       0
                idataBANK1                          1A7      1A7        C      34E       0
                idataBANK0                          1B3      1B3        E      366       0

TOTAL           Name                               Link     Load   Length     Space
        CLASS   STACK          

        CLASS   CODE           
                end_init                              0        0        3         0
                cinit                               7D6      7D6       2A         0
                text14                              192      192        9         0
                text13                              1F9      1F9       2B         0
                text12                              19B      19B        C         0
                text11                              2E0      2E0       42         0
                text10                              3BD      3BD       69         0
                text9                               1D4      1D4       25         0
                text8                               322      322       44         0
                text7                               224      224       3A         0
                text6                               59F      59F       E8         0
                text5                               687      687      14F         0
                text4                               426      426       9D         0
                text3                               25E      25E       41         0
                text2                               29F      29F       41         0
                text1                               4C3      4C3       DC         0
                maintext                            366      366       57         0
                clrtext                             18A      18A        8         0
                inittext                            1C1      1C1       13         0
                idataBANK1                          1A7      1A7        C         0
                idataBANK0                          1B3      1B3        E         0

        CLASS   STRCODE        

        CLASS   STRING         
                strings                               3        3       7C         0

        CLASS   CONST          

        CLASS   ENTRY          

        CLASS   COMMON         
                cstackCOMMON                         70       70        E         1

        CLASS   BANK0          
                cstackBANK0                          20       20       27         1
                dataBANK0                            5B       5B        E         1
                bssBANK0                             47       47       14         1
                nvBANK0                              69       69        4         1

        CLASS   BANK1          
                cstackBANK1                          A0       A0       37         1
                dataBANK1                            D7       D7        C         1
                bssBANK1                             E3       E3        1         1

        CLASS   BANK2          

        CLASS   BANK3          

        CLASS   RAM            

        CLASS   ABS1           
                abs_s1                               7E       7E        2         1

        CLASS   SFR0           

        CLASS   SFR1           

        CLASS   SFR2           

        CLASS   SFR3           

        CLASS   CONFIG         
                config                             2007     2007        1         4

        CLASS   IDLOC          

        CLASS   EEDATA         



SEGMENTS        Name                           Load    Length   Top    Selector   Space  Class     Delta

                reset_vec                      000000  000003  000003         0       0  CODE        2
                strings                        000003  00007C  00007F         6       0  STRING      2
                cstackBANK0                    000020  00004D  00006D        20       1  BANK0       1
                cstackCOMMON                   000070  00000E  00007E        70       1  COMMON      1
                cstackBANK1                    0000A0  000044  0000E4        A0       1  BANK1       1
                clrtext                        00018A  000008  000192       314       0  CODE        2
                text14                         000192  000009  00019B       324       0  CODE        2
                text12                         00019B  00000C  0001A7       336       0  CODE        2
                idataBANK1                     0001A7  00000C  0001B3       34E       0  CODE        2
                idataBANK0                     0001B3  00000E  0001C1       366       0  CODE        2
                inittext                       0001C1  000013  0001D4       382       0  CODE        2
                text9                          0001D4  000025  0001F9       3A8       0  CODE        2
                text13                         0001F9  00002B  000224       3F2       0  CODE        2
                text7                          000224  00003A  00025E       448       0  CODE        2
                text3                          00025E  000041  00029F       4BC       0  CODE        2
                text2                          00029F  000041  0002E0       53E       0  CODE        2
                text11                         0002E0  000042  000322       5C0       0  CODE        2
                text8                          000322  000044  000366       644       0  CODE        2
                maintext                       000366  000057  0003BD       6CC       0  CODE        2
                text10                         0003BD  000069  000426       77A       0  CODE        2
                text4                          000426  00009D  0004C3       84C       0  CODE        2
                text1                          0004C3  0000DC  00059F       986       0  CODE        2
                text6                          00059F  0000E8  000687       B3E       0  CODE        2
                text5                          000687  00014F  0007D6       D0E       0  CODE        2
                cinit                          0007D6  00002A  000800       FAC       0  CODE        2


UNUSED ADDRESS RANGES

        Name                Unused          Largest block    Delta
        BANK0            006D-006F              3           1
        BANK1            00E4-00EF              C           1
        BANK2            0110-016F             60           1
        BANK3            0190-01EF             60           1
        CODE             007F-0189            10B           2
                         0800-1FFF            800
        CONST            007F-0189             81           2
                         0800-1FFF            100
        EEDATA           2100-21FF            100           2
        ENTRY            007F-0189             81           2
                         0800-1FFF            100
        IDLOC            2000-2003              4           2
        RAM              006D-006F              3           1
                         00E4-00EF              C
                         0110-016F             60
                         0190-01EF             60
        SFR0             0000-001F             20           1
        SFR1             0080-009F             20           1
        SFR2             0100-010F             10           1
        SFR3             0180-018F             10           1
        STACK            0110-016F             60           1
        STRCODE          007F-0189            10B           2
                         0800-1FFF           1800
        STRING           007F-0189             81           2
                         0800-1FFF            100

                                  Symbol Table

?_ADC_Read                cstackCOMMON 0070
?___aldiv                 cstackCOMMON 0070
?___awdiv                 cstackCOMMON 0076
?___lwdiv                 cstackCOMMON 0070
?___lwmod                 cstackCOMMON 0078
?___wmul                  cstackCOMMON 0070
?_sprintf                 cstackBANK0  0020
ADC_Read@channel          cstackCOMMON 0074
AVG_Index@uart_logs       cstackBANK1  00A0
AVG_Index@x0              cstackBANK1  00D3
AVG_Index@x1              cstackBANK1  00D4
AVG_Index@x2              cstackBANK1  00D2
AVG_Index@x3              cstackBANK1  00D5
AVG_Index@x4              cstackBANK1  00D6
PWM1_Init_Fre@fre         cstackBANK0  0026
PWM2_Init_Fre@fre         cstackBANK0  0026
UART_Init@baudrate        cstackBANK0  0026
UART_Init@x               cstackCOMMON 0079
UART_Write@data           cstackCOMMON 0070
UART_Write_Text@i         cstackCOMMON 0076
UART_Write_Text@text      cstackCOMMON 0071
_ADCON0                   (abs)        001F
_ADCON1                   (abs)        009F
_ADC_Init                 text14       0192
_ADC_Read                 text13       01F9
_ADRESH                   (abs)        001E
_ADRESL                   (abs)        009E
_AVG_Index                text5        0687
_BRGH                     (abs)        04C2
_CCP1CONbits              (abs)        0017
_CCP1X                    (abs)        00BD
_CCP1Y                    (abs)        00BC
_CCP2CONbits              (abs)        001D
_CCP2X                    (abs)        00ED
_CCP2Y                    (abs)        00EC
_CCPR1L                   (abs)        0015
_CCPR2L                   (abs)        001B
_CREN                     (abs)        00C4
_D                        bssBANK0     0057
_GO_nDONE                 (abs)        00FA
_I                        bssBANK0     0058
_P                        bssBANK0     0059
_PORTDbits                (abs)        0008
_PR2                      (abs)        0092
_PWM1_Init_Fre            text3        025E
_PWM2_Init_Fre            text2        029F
_RCIF                     (abs)        0065
_RCREG                    (abs)        001A
_RX9                      (abs)        00C6
_SPBRG                    (abs)        0099
_SPEN                     (abs)        00C7
_SYNC                     (abs)        04C4
_T2CONbits                (abs)        0012
_TRISA                    (abs)        0085
_TRISC6                   (abs)        043E
_TRISC7                   (abs)        043F
_TRISCbits                (abs)        0087
_TRISD                    (abs)        0088
_TRISE                    (abs)        0089
_TRMT                     (abs)        04C1
_TX9                      (abs)        04C6
_TXEN                     (abs)        04C5
_TXREG                    (abs)        0019
_UART_Init                text1        04C3
_UART_Write               text12       019B
_UART_Write_Text          text11       02E0
__Habs1                   abs1         0000
__Hbank0                  bank0        0000
__Hbank1                  bank1        0000
__Hbank2                  bank2        0000
__Hbank3                  bank3        0000
__HbssBANK0               bssBANK0     0000
__HbssBANK1               bssBANK1     0000
__Hcinit                  cinit        0800
__Hclrtext                clrtext      0000
__Hcode                   code         0000
__Hcommon                 common       0000
__Hconfig                 config       2008
__HcstackBANK0            cstackBANK0  0000
__HcstackBANK1            cstackBANK1  0000
__HcstackCOMMON           cstackCOMMON 0000
__HdataBANK0              dataBANK0    0000
__HdataBANK1              dataBANK1    0000
__Heeprom_data            eeprom_data  0000
__Hend_init               end_init     0003
__Hfunctab                functab      0000
__HidataBANK0             idataBANK0   0000
__HidataBANK1             idataBANK1   0000
__Hinit                   init         0000
__Hinittext               inittext     0000
__Hintentry               intentry     0000
__Hmaintext               maintext     0000
__HnvBANK0                nvBANK0      0000
__Hpowerup                powerup      0000
__Hram                    ram          0000
__Hreset_vec              reset_vec    0000
__Hsfr0                   sfr0         0000
__Hsfr1                   sfr1         0000
__Hsfr2                   sfr2         0000
__Hsfr3                   sfr3         0000
__Hspace_0                (abs)        0800
__Hspace_1                (abs)        00E4
__Hspace_2                (abs)        0000
__Hspace_3                (abs)        0000
__Hspace_4                (abs)        400F
__Hstack                  stack        0000
__Hstrings                strings      0000
__Htext                   text         0000
__Labs1                   abs1         0000
__Lbank0                  bank0        0000
__Lbank1                  bank1        0000
__Lbank2                  bank2        0000
__Lbank3                  bank3        0000
__LbssBANK0               bssBANK0     0000
__LbssBANK1               bssBANK1     0000
__Lcinit                  cinit        07D6
__Lclrtext                clrtext      0000
__Lcode                   code         0000
__Lcommon                 common       0000
__Lconfig                 config       0000
__LcstackBANK0            cstackBANK0  0000
__LcstackBANK1            cstackBANK1  0000
__LcstackCOMMON           cstackCOMMON 0000
__LdataBANK0              dataBANK0    0000
__LdataBANK1              dataBANK1    0000
__Leeprom_data            eeprom_data  0000
__Lend_init               end_init     0000
__Lfunctab                functab      0000
__LidataBANK0             idataBANK0   0000
__LidataBANK1             idataBANK1   0000
__Linit                   init         0000
__Linittext               inittext     0000
__Lintentry               intentry     0000
__Lmaintext               maintext     0000
__LnvBANK0                nvBANK0      0000
__Lpowerup                powerup      0000
__Lram                    ram          0000
__Lreset_vec              reset_vec    0000
__Lsfr0                   sfr0         0000
__Lsfr1                   sfr1         0000
__Lsfr2                   sfr2         0000
__Lsfr3                   sfr3         0000
__Lspace_0                (abs)        0000
__Lspace_1                (abs)        0000
__Lspace_2                (abs)        0000
__Lspace_3                (abs)        0000
__Lspace_4                (abs)        0000
__Lstack                  stack        0000
__Lstrings                strings      0000
__Ltext                   text         0000
__S0                      (abs)        0800
__S1                      (abs)        00E4
__S2                      (abs)        0000
__S3                      (abs)        0000
___aldiv                  text4        0426
___aldiv@counter          cstackBANK0  0020
___aldiv@dividend         cstackCOMMON 0074
___aldiv@divisor          cstackCOMMON 0070
___aldiv@quotient         cstackBANK0  0022
___aldiv@sign             cstackBANK0  0021
___awdiv                  text10       03BD
___awdiv@counter          cstackBANK0  0020
___awdiv@dividend         cstackCOMMON 0078
___awdiv@divisor          cstackCOMMON 0076
___awdiv@quotient         cstackBANK0  0022
___awdiv@sign             cstackBANK0  0021
___int_sp                 stack        0000
___latbits                (abs)        0002
___lwdiv                  text8        0322
___lwdiv@counter          cstackCOMMON 0077
___lwdiv@dividend         cstackCOMMON 0072
___lwdiv@divisor          cstackCOMMON 0070
___lwdiv@quotient         cstackCOMMON 0075
___lwmod                  text7        0224
___lwmod@counter          cstackCOMMON 007D
___lwmod@dividend         cstackCOMMON 007A
___lwmod@divisor          cstackCOMMON 0078
___sp                     stack        0000
___stackhi                (abs)        0000
___stacklo                (abs)        0000
___wmul                   text9        01D4
___wmul@multiplicand      cstackCOMMON 0072
___wmul@multiplier        cstackCOMMON 0070
___wmul@product           cstackCOMMON 0074
__end_of_ADC_Init         text14       019B
__end_of_ADC_Read         text13       0224
__end_of_AVG_Index        text5        07D6
__end_of_PWM1_Init_Fre    text3        029F
__end_of_PWM2_Init_Fre    text2        02E0
__end_of_UART_Init        text1        059F
__end_of_UART_Write       text12       01A7
__end_of_UART_Write_Text  text11       0322
__end_of___aldiv          text4        04C3
__end_of___awdiv          text10       0426
__end_of___lwdiv          text8        0366
__end_of___lwmod          text7        025E
__end_of___wmul           text9        01F9
__end_of__initialization  cinit        07FC
__end_of__stringtab       strings      0013
__end_of_dpowers          strings      001D
__end_of_main             maintext     03BD
__end_of_sprintf          text6        0687
__end_ofsin@coeff_a       strings      0031
__end_ofsin@coeff_b       strings      0041
__initialization          cinit        07D6
__pbssBANK0               bssBANK0     0047
__pbssBANK1               bssBANK1     00E3
__pcstackBANK0            cstackBANK0  0020
__pcstackBANK1            cstackBANK1  00A0
__pcstackCOMMON           cstackCOMMON 0070
__pdataBANK0              dataBANK0    005B
__pdataBANK1              dataBANK1    00D7
__pidataBANK0             idataBANK0   01B3
__pidataBANK1             idataBANK1   01A7
__pmaintext               maintext     0366
__pnvBANK0                nvBANK0      0069
__pstrings                strings      0003
__ptext1                  text1        04C3
__ptext10                 text10       03BD
__ptext11                 text11       02E0
__ptext12                 text12       019B
__ptext13                 text13       01F9
__ptext14                 text14       0192
__ptext2                  text2        029F
__ptext3                  text3        025E
__ptext4                  text4        0426
__ptext5                  text5        0687
__ptext6                  text6        059F
__ptext7                  text7        0224
__ptext8                  text8        0322
__ptext9                  text9        01D4
__size_of_ADC_Init        (abs)        0000
__size_of_ADC_Read        (abs)        0000
__size_of_AVG_Index       (abs)        0000
__size_of_PWM1_Init_Fre   (abs)        0000
__size_of_PWM2_Init_Fre   (abs)        0000
__size_of_UART_Init       (abs)        0000
__size_of_UART_Write      (abs)        0000
__size_of_UART_Write_Text (abs)        0000
__size_of___aldiv         (abs)        0000
__size_of___awdiv         (abs)        0000
__size_of___lwdiv         (abs)        0000
__size_of___lwmod         (abs)        0000
__size_of___wmul          (abs)        0000
__size_of_main            (abs)        0000
__size_of_sprintf         (abs)        0000
__stringbase              strings      0012
__stringtab               strings      0003
_dpowers                  strings      0013
_e                        bssBANK1     00E3
_en_l                     bssBANK0     0056
_en_r                     bssBANK0     0055
_freq                     nvBANK0      0069
_main                     maintext     0366
_sprintf                  text6        059F
_v_l                      bssBANK0     0053
_v_r                      bssBANK0     0051
btemp                     (abs)        007E
clear_ram0                clrtext      018A
end_of_initialization     cinit        07FC
init_fetch0               inittext     01C1
init_ram0                 inittext     01C5
intlevel0                 functab      0000
intlevel1                 functab      0000
intlevel2                 functab      0000
intlevel3                 functab      0000
intlevel4                 functab      0000
intlevel5                 functab      0000
reset_vec                 reset_vec    0000
sin@coeff_a               strings      001D
sin@coeff_b               strings      0031
sprintf@ap                cstackBANK0  002E
sprintf@c                 cstackBANK0  0034
sprintf@f                 cstackBANK0  0020
sprintf@flag              cstackBANK0  002F
sprintf@prec              cstackBANK0  0030
sprintf@sp                cstackBANK0  0033
sprintf@val               cstackBANK0  0031
start                     init         0000
start_initialization      cinit        07D6
wtemp0                    (abs)        007E


MODULE INFORMATION

Module		Function		Class		Link	Load	Size
newmain.c
		_AVG_Index     		CODE           	0687	0000	335
		_main          		CODE           	0366	0000	87
		_ADC_Read      		CODE           	01F9	0000	43
		_ADC_Init      		CODE           	0192	0000	9

newmain.c estimated size: 474

./uart.h
		_UART_Init     		CODE           	04C3	0000	220
		_UART_Write_Text		CODE           	02E0	0000	66
		_UART_Write    		CODE           	019B	0000	12

./uart.h estimated size: 298

C:\Program Files\Microchip\xc8\v2.32\pic\sources\c90\common\lwmod.c
		___lwmod       		CODE           	0224	0000	58

C:\Program Files\Microchip\xc8\v2.32\pic\sources\c90\common\lwmod.c estimated size: 58

shared
		__stringtab    		STRING         	0003	0000	16
		_dpowers       		STRING         	0013	0000	10
		__initialization		CODE           	07D6	0000	38
		sin@coeff_a    		STRING         	001D	0000	20
		sin@coeff_b    		STRING         	0031	0000	16

shared estimated size: 100

C:\Program Files\Microchip\xc8\v2.32\pic\sources\c90\common\doprnt.c
		_sprintf       		CODE           	059F	0000	232

C:\Program Files\Microchip\xc8\v2.32\pic\sources\c90\common\doprnt.c estimated size: 232

C:\Program Files\Microchip\xc8\v2.32\pic\sources\c90\common\lwdiv.c
		___lwdiv       		CODE           	0322	0000	68

C:\Program Files\Microchip\xc8\v2.32\pic\sources\c90\common\lwdiv.c estimated size: 68

C:\Program Files\Microchip\xc8\v2.32\pic\sources\c90\common\awdiv.c
		___awdiv       		CODE           	03BD	0000	105

C:\Program Files\Microchip\xc8\v2.32\pic\sources\c90\common\awdiv.c estimated size: 105

C:\Program Files\Microchip\xc8\v2.32\pic\sources\c90\common\Umul16.c
		___wmul        		CODE           	01D4	0000	37

C:\Program Files\Microchip\xc8\v2.32\pic\sources\c90\common\Umul16.c estimated size: 37

./pwm.h
		_PWM1_Init_Fre 		CODE           	025E	0000	65
		_PWM2_Init_Fre 		CODE           	029F	0000	65

./pwm.h estimated size: 130

C:\Program Files\Microchip\xc8\v2.32\pic\sources\c90\common\aldiv.c
		___aldiv       		CODE           	0426	0000	157

C:\Program Files\Microchip\xc8\v2.32\pic\sources\c90\common\aldiv.c estimated size: 157

