Microchip MPLAB XC8 Compiler V2.32

Linker command line:

-W-3 --edf=C:\Program Files\Microchip\xc8\v2.32\pic\dat\en_msgs.txt -cn \
  -h+dist/default/production\MASTER.X.production.sym \
  --cmf=dist/default/production\MASTER.X.production.cmf -z -Q16F877A \
  -oC:\Users\NGUYEN~1\AppData\Local\Temp\xcAsaks.4 --defsym=__MPLAB_BUILD=1 \
  -Mdist/default/production/MASTER.X.production.map -E1 -ver=XC8 Compiler \
  --acfsm=1493 -ASTACK=0110h-016Fh -pstack=STACK -ACODE=00h-07FFhx4 \
  -ASTRCODE=00h-01FFFh -ASTRING=00h-0FFhx32 -ACONST=00h-0FFhx32 \
  -AENTRY=00h-0FFhx32 -ACOMMON=070h-07Fh -ABANK0=020h-06Fh \
  -ABANK1=0A0h-0EFh -ABANK2=0110h-016Fh -ABANK3=0190h-01EFh \
  -ARAM=020h-06Fh,0A0h-0EFh,0110h-016Fh,0190h-01EFh \
  -AABS1=020h-07Fh,0A0h-0EFh,0110h-016Fh,0190h-01EFh -ASFR0=00h-01Fh \
  -ASFR1=080h-09Fh -ASFR2=0100h-010Fh -ASFR3=0180h-018Fh \
  -ACONFIG=02007h-02007h -DCONFIG=2 -AIDLOC=02000h-02003h -DIDLOC=2 \
  -AEEDATA=00h-0FFh/02100h -peeprom_data=EEDATA -DEEDATA=2 -DCODE=2 \
  -DSTRCODE=2 -DSTRING=2 -DCONST=2 -DENTRY=2 \
  -preset_vec=00h,intentry,init,end_init -ppowerup=CODE -pcinit=CODE \
  -pfunctab=ENTRY -k C:\Users\NGUYEN~1\AppData\Local\Temp\xcAsaks.o \
  dist/default/production\MASTER.X.production.o 

Object code version is 3.11

Machine type is 16F877A



                Name                               Link     Load   Length Selector   Space Scale
C:\Users\NGUYEN~1\AppData\Local\Temp\xcAsaks.o
                end_init                              0        0        3        0       0
                config                             2007     2007        1        0       4
dist/default/production\MASTER.X.production.o
                cinit                               7D6      7D6       2A      FAC       0
                config                             2007     2007        1        0       4
                text28                             132B     132B       9D     2656       0
                text27                             1726     1726       DA     2E4C       0
                text26                             109E     109E        C     213C       0
                text25                             10E1     10E1       21     21C2       0
                text24                             1246     1246       69     248C       0
                text23                              1D5      1D5      2A0      3AA       0
                text22                                3        3        B        0       0
                text21                              D78      D78      288     1AF0       0
                text20                             1102     1102       24     2204       0
                text19                                E        E       27       1C       0
                text18                              475      475      361      8EA       0
                text17                             13C8     13C8       9E     2790       0
                text16                             1466     1466       A2     28CC       0
                text15                             12AF     12AF       7C     255E       0
                text14                             15AD     15AD       BA     2B5A       0
                text13                             11A4     11A4       4E     2348       0
                text12                             11F2     11F2       54     23E4       0
                text11                             1667     1667       BF     2CCE       0
                text10                              B2A      B2A      24E     1654       0
                text9                              1508     1508       A5     2A10       0
                text8                               8EB      8EB      23F     11D6       0
                text7                              10CB     10CB       16     2196       0
                text6                              1086     1086        7     210C       0
                text5                              1095     1095        9     212A       0
                text4                              1080     1080        6     2100       0
                text3                              1160     1160       44     22C0       0
                text2                              1126     1126       3A     224C       0
                text1                               803      803       E8     1006       0
                maintext                             35       35      1A0       6A       0
                cstackBANK0                          20       20       50       20       1
                cstackCOMMON                         70       70        E       70       1
                cstackBANK1                          A0       A0       3D       A0       1
                cstackBANK3                         190      190       16      190       1
                inittext                           10B8     10B8       13     2170       0
                dataBANK3                           1A6      1A6        8      190       1
                bssBANK3                            1AE      1AE        2      190       1
                dataBANK1                            DD       DD        E       A0       1
                bssBANK1                             EB       EB        4       A0       1
                strings                            1000     1000       48     2000       0
                idataBANK3                         108D     108D        8     211A       0
                idataBANK1                         10AA     10AA        E     2154       0

TOTAL           Name                               Link     Load   Length     Space
        CLASS   STACK          

        CLASS   CODE           
                end_init                              0        0        3         0
                cinit                               7D6      7D6       2A         0
                text28                             132B     132B       9D         0
                text27                             1726     1726       DA         0
                text26                             109E     109E        C         0
                text25                             10E1     10E1       21         0
                text24                             1246     1246       69         0
                text23                              1D5      1D5      2A0         0
                text22                                3        3        B         0
                text21                              D78      D78      288         0
                text20                             1102     1102       24         0
                text19                                E        E       27         0
                text18                              475      475      361         0
                text17                             13C8     13C8       9E         0
                text16                             1466     1466       A2         0
                text15                             12AF     12AF       7C         0
                text14                             15AD     15AD       BA         0
                text13                             11A4     11A4       4E         0
                text12                             11F2     11F2       54         0
                text11                             1667     1667       BF         0
                text10                              B2A      B2A      24E         0
                text9                              1508     1508       A5         0
                text8                               8EB      8EB      23F         0
                text7                              10CB     10CB       16         0
                text6                              1086     1086        7         0
                text5                              1095     1095        9         0
                text4                              1080     1080        6         0
                text3                              1160     1160       44         0
                text2                              1126     1126       3A         0
                text1                               803      803       E8         0
                maintext                             35       35      1A0         0
                inittext                           10B8     10B8       13         0
                idataBANK3                         108D     108D        8         0
                idataBANK1                         10AA     10AA        E         0

        CLASS   STRCODE        

        CLASS   STRING         
                strings                            1000     1000       48         0

        CLASS   CONST          

        CLASS   ENTRY          

        CLASS   COMMON         
                cstackCOMMON                         70       70        E         1

        CLASS   BANK0          
                cstackBANK0                          20       20       50         1

        CLASS   BANK1          
                cstackBANK1                          A0       A0       3D         1
                dataBANK1                            DD       DD        E         1
                bssBANK1                             EB       EB        4         1

        CLASS   BANK2          

        CLASS   BANK3          
                cstackBANK3                         190      190       16         1
                dataBANK3                           1A6      1A6        8         1
                bssBANK3                            1AE      1AE        2         1

        CLASS   RAM            

        CLASS   ABS1           
                abs_s1                               7E       7E        2         1

        CLASS   SFR0           

        CLASS   SFR1           

        CLASS   SFR2           

        CLASS   SFR3           

        CLASS   CONFIG         
                config                             2007     2007        1         4

        CLASS   IDLOC          

        CLASS   EEDATA         



SEGMENTS        Name                           Load    Length   Top    Selector   Space  Class     Delta

                reset_vec                      000000  00000E  00000E         0       0  CODE        2
                text19                         00000E  000027  000035        1C       0  CODE        2
                cstackBANK0                    000020  000050  000070        20       1  BANK0       1
                maintext                       000035  0001A0  0001D5        6A       0  CODE        2
                cstackCOMMON                   000070  00000E  00007E        70       1  COMMON      1
                cstackBANK1                    0000A0  00004F  0000EF        A0       1  BANK1       1
                cstackBANK3                    000190  000020  0001B0       190       1  BANK3       1
                text23                         0001D5  0002A0  000475       3AA       0  CODE        2
                text18                         000475  000361  0007D6       8EA       0  CODE        2
                cinit                          0007D6  00002A  000800       FAC       0  CODE        2
                text1                          000803  0000E8  0008EB      1006       0  CODE        2
                text8                          0008EB  00023F  000B2A      11D6       0  CODE        2
                text10                         000B2A  00024E  000D78      1654       0  CODE        2
                text21                         000D78  000288  001000      1AF0       0  CODE        2
                strings                        001000  000048  001048      2000       0  STRING      2
                text4                          001080  000006  001086      2100       0  CODE        2
                text6                          001086  000007  00108D      210C       0  CODE        2
                idataBANK3                     00108D  000008  001095      211A       0  CODE        2
                text5                          001095  000009  00109E      212A       0  CODE        2
                text26                         00109E  00000C  0010AA      213C       0  CODE        2
                idataBANK1                     0010AA  00000E  0010B8      2154       0  CODE        2
                inittext                       0010B8  000013  0010CB      2170       0  CODE        2
                text7                          0010CB  000016  0010E1      2196       0  CODE        2
                text25                         0010E1  000021  001102      21C2       0  CODE        2
                text20                         001102  000024  001126      2204       0  CODE        2
                text2                          001126  00003A  001160      224C       0  CODE        2
                text3                          001160  000044  0011A4      22C0       0  CODE        2
                text13                         0011A4  00004E  0011F2      2348       0  CODE        2
                text12                         0011F2  000054  001246      23E4       0  CODE        2
                text24                         001246  000069  0012AF      248C       0  CODE        2
                text15                         0012AF  00007C  00132B      255E       0  CODE        2
                text28                         00132B  00009D  0013C8      2656       0  CODE        2
                text17                         0013C8  00009E  001466      2790       0  CODE        2
                text16                         001466  0000A2  001508      28CC       0  CODE        2
                text9                          001508  0000A5  0015AD      2A10       0  CODE        2
                text14                         0015AD  0000BA  001667      2B5A       0  CODE        2
                text11                         001667  0000BF  001726      2CCE       0  CODE        2
                text27                         001726  0000DA  001800      2E4C       0  CODE        2


UNUSED ADDRESS RANGES

        Name                Unused          Largest block    Delta
        BANK1            00EF-00EF              1           1
        BANK2            0110-016F             60           1
        BANK3            01B0-01EF             40           1
        CODE             0800-0802              3           2
                         1048-107F             38
                         1800-1FFF            800
        CONST            0800-0802              3           2
                         1048-107F             38
                         1800-1FFF            100
        EEDATA           2100-21FF            100           2
        ENTRY            0800-0802              3           2
                         1048-107F             38
                         1800-1FFF            100
        IDLOC            2000-2003              4           2
        RAM              00EF-00EF              1           1
                         0110-016F             60
                         01B0-01EF             40
        SFR0             0000-001F             20           1
        SFR1             0080-009F             20           1
        SFR2             0100-010F             10           1
        SFR3             0180-018F             10           1
        STACK            0110-016F             60           1
        STRCODE          0800-0802              3           2
                         1048-107F             38
                         1800-1FFF            800
        STRING           0800-0802              3           2
                         1048-107F             38
                         1800-1FFF            100

                                  Symbol Table

?__Umul8_16               cstackCOMMON 0070
?___aldiv                 cstackCOMMON 0070
?___awdiv                 cstackBANK0  005C
?___fladd                 cstackBANK0  0035
?___fldiv                 cstackBANK0  0059
?___flmul                 cstackBANK0  0020
?___flneg                 cstackCOMMON 0070
?___flsub                 cstackBANK0  0049
?___fltol                 cstackBANK0  0051
?___lwdiv                 cstackCOMMON 0070
?___lwmod                 cstackCOMMON 0078
?___xxtofl                cstackCOMMON 0070
?_cos                     cstackBANK1  00BA
?_eval_poly               cstackBANK0  0049
?_floor                   cstackBANK0  005C
?_sin                     cstackBANK0  0067
?_sprintf                 cstackBANK0  0020
UART_Init@baudrate        cstackBANK0  0026
UART_Init@x               cstackCOMMON 0079
UART_Write@data           cstackCOMMON 0070
UART_Write_Text@i         cstackCOMMON 0072
UART_Write_Text@text      cstackCOMMON 0074
_BRGH                     (abs)        04C2
_CREN                     (abs)        00C4
_PORTD                    (abs)        0008
_RA1                      (abs)        0029
_RA2                      (abs)        002A
_RCIF                     (abs)        0065
_RCREG                    (abs)        001A
_RD0                      (abs)        0040
_RD1                      (abs)        0041
_SPBRG                    (abs)        0099
_SPEN                     (abs)        00C7
_SSPBUF                   (abs)        0013
_SSPCON                   (abs)        0014
_SSPSTAT                  (abs)        0094
_SSPSTATbits              (abs)        0094
_SYNC                     (abs)        04C4
_TRISA                    (abs)        0085
_TRISC3                   (abs)        043B
_TRISC5                   (abs)        043D
_TRISC6                   (abs)        043E
_TRISC7                   (abs)        043F
_TRISD                    (abs)        0088
_TRMT                     (abs)        04C1
_TXEN                     (abs)        04C5
_TXREG                    (abs)        0019
_UART_Init                text27       1726
_UART_Write               text26       109E
_UART_Write_Text          text25       10E1
__Habs1                   abs1         0000
__Hbank0                  bank0        0000
__Hbank1                  bank1        0000
__Hbank2                  bank2        0000
__Hbank3                  bank3        0000
__HbssBANK1               bssBANK1     0000
__HbssBANK3               bssBANK3     0000
__Hcinit                  cinit        0800
__Hclrtext                clrtext      0000
__Hcode                   code         0000
__Hcommon                 common       0000
__Hconfig                 config       2008
__HcstackBANK0            cstackBANK0  0000
__HcstackBANK1            cstackBANK1  0000
__HcstackBANK3            cstackBANK3  0000
__HcstackCOMMON           cstackCOMMON 0000
__HdataBANK1              dataBANK1    0000
__HdataBANK3              dataBANK3    0000
__Heeprom_data            eeprom_data  0000
__Hend_init               end_init     0003
__Hfunctab                functab      0000
__HidataBANK1             idataBANK1   0000
__HidataBANK3             idataBANK3   0000
__Hinit                   init         0000
__Hinittext               inittext     0000
__Hintentry               intentry     0000
__Hmaintext               maintext     0000
__Hpowerup                powerup      0000
__Hram                    ram          0000
__Hreset_vec              reset_vec    0000
__Hsfr0                   sfr0         0000
__Hsfr1                   sfr1         0000
__Hsfr2                   sfr2         0000
__Hsfr3                   sfr3         0000
__Hspace_0                (abs)        1800
__Hspace_1                (abs)        01B0
__Hspace_2                (abs)        0000
__Hspace_3                (abs)        0000
__Hspace_4                (abs)        400F
__Hstack                  stack        0000
__Hstrings                strings      0000
__Htext                   text         0000
__Labs1                   abs1         0000
__Lbank0                  bank0        0000
__Lbank1                  bank1        0000
__Lbank2                  bank2        0000
__Lbank3                  bank3        0000
__LbssBANK1               bssBANK1     0000
__LbssBANK3               bssBANK3     0000
__Lcinit                  cinit        07D6
__Lclrtext                clrtext      0000
__Lcode                   code         0000
__Lcommon                 common       0000
__Lconfig                 config       0000
__LcstackBANK0            cstackBANK0  0000
__LcstackBANK1            cstackBANK1  0000
__LcstackBANK3            cstackBANK3  0000
__LcstackCOMMON           cstackCOMMON 0000
__LdataBANK1              dataBANK1    0000
__LdataBANK3              dataBANK3    0000
__Leeprom_data            eeprom_data  0000
__Lend_init               end_init     0000
__Lfunctab                functab      0000
__LidataBANK1             idataBANK1   0000
__LidataBANK3             idataBANK3   0000
__Linit                   init         0000
__Linittext               inittext     0000
__Lintentry               intentry     0000
__Lmaintext               maintext     0000
__Lpowerup                powerup      0000
__Lram                    ram          0000
__Lreset_vec              reset_vec    0000
__Lsfr0                   sfr0         0000
__Lsfr1                   sfr1         0000
__Lsfr2                   sfr2         0000
__Lsfr3                   sfr3         0000
__Lspace_0                (abs)        0000
__Lspace_1                (abs)        0000
__Lspace_2                (abs)        0000
__Lspace_3                (abs)        0000
__Lspace_4                (abs)        0000
__Lstack                  stack        0000
__Lstrings                strings      0000
__Ltext                   text         0000
__S0                      (abs)        1800
__S1                      (abs)        01B0
__S2                      (abs)        0000
__S3                      (abs)        0000
__Umul8_16                text19       000E
__Umul8_16@multiplicand   cstackCOMMON 0070
__Umul8_16@multiplier     cstackCOMMON 0078
__Umul8_16@product        cstackCOMMON 0074
__Umul8_16@word_mpld      cstackCOMMON 0076
___aldiv                  text28       132B
___aldiv@counter          cstackBANK0  0020
___aldiv@dividend         cstackCOMMON 0074
___aldiv@divisor          cstackCOMMON 0070
___aldiv@quotient         cstackBANK0  0022
___aldiv@sign             cstackBANK0  0021
___awdiv                  text24       1246
___awdiv@counter          cstackBANK0  0061
___awdiv@dividend         cstackBANK0  005E
___awdiv@divisor          cstackBANK0  005C
___awdiv@quotient         cstackBANK0  0063
___awdiv@sign             cstackBANK0  0062
___fladd                  text21       0D78
___fladd@a                cstackBANK0  0039
___fladd@aexp             cstackBANK0  0046
___fladd@b                cstackBANK0  0035
___fladd@bexp             cstackBANK0  0047
___fladd@grs              cstackBANK0  0048
___fladd@signs            cstackBANK0  0045
___fldiv                  text23       01D5
___fldiv@a                cstackBANK0  0059
___fldiv@aexp             cstackBANK1  00AC
___fldiv@b                cstackBANK0  005D
___fldiv@bexp             cstackBANK1  00AB
___fldiv@grs              cstackBANK1  00A7
___fldiv@new_exp          cstackBANK1  00A5
___fldiv@rem              cstackBANK1  00A0
___fldiv@sign             cstackBANK1  00A4
___fleq                   text13       11A4
___fleq@ff1               cstackCOMMON 0070
___fleq@ff2               cstackCOMMON 0074
___flge                   text16       1466
___flge@ff1               cstackCOMMON 0070
___flge@ff2               cstackCOMMON 0074
___flmul                  text18       0475
___flmul@a                cstackBANK0  0024
___flmul@aexp             cstackBANK0  002D
___flmul@b                cstackBANK0  0020
___flmul@bexp             cstackBANK0  002E
___flmul@grs              cstackBANK0  0029
___flmul@prod             cstackBANK0  002F
___flmul@sign             cstackBANK0  0028
___flmul@temp             cstackBANK0  0033
___flneg                  text22       0003
___flneg@f1               cstackCOMMON 0070
___flsub                  text20       1102
___flsub@a                cstackBANK0  0049
___flsub@b                cstackBANK0  004D
___fltol                  text15       12AF
___fltol@exp1             cstackBANK0  005B
___fltol@f1               cstackBANK0  0051
___fltol@sign1            cstackBANK0  005A
___int_sp                 stack        0000
___latbits                (abs)        0002
___lwdiv                  text3        1160
___lwdiv@counter          cstackCOMMON 0077
___lwdiv@dividend         cstackCOMMON 0072
___lwdiv@divisor          cstackCOMMON 0070
___lwdiv@quotient         cstackCOMMON 0075
___lwmod                  text2        1126
___lwmod@counter          cstackCOMMON 007D
___lwmod@dividend         cstackCOMMON 007A
___lwmod@divisor          cstackCOMMON 0078
___sp                     stack        0000
___stackhi                (abs)        0000
___stacklo                (abs)        0000
___xxtofl                 text14       15AD
___xxtofl@arg             cstackCOMMON 007A
___xxtofl@exp             cstackCOMMON 0079
___xxtofl@sign            cstackCOMMON 0078
___xxtofl@val             cstackCOMMON 0070
__end_of_UART_Init        text27       1800
__end_of_UART_Write       text26       10AA
__end_of_UART_Write_Text  text25       1102
__end_of__Umul8_16        text19       0035
__end_of___aldiv          text28       13C8
__end_of___awdiv          text24       12AF
__end_of___fladd          text21       1000
__end_of___fldiv          text23       0475
__end_of___fleq           text13       11F2
__end_of___flge           text16       1508
__end_of___flmul          text18       07D6
__end_of___flneg          text22       000E
__end_of___flsub          text20       1126
__end_of___fltol          text15       132B
__end_of___lwdiv          text3        11A4
__end_of___lwmod          text2        1160
__end_of___xxtofl         text14       1667
__end_of__initialization  cinit        07FC
__end_of__stringtab       strings      1006
__end_of_computeLyapunov  text8        0B2A
__end_of_cos              text9        15AD
__end_of_dpowers          strings      1010
__end_of_eval_poly        text17       1466
__end_of_floor            text11       1726
__end_of_frexp            text12       1246
__end_of_main             maintext     01D5
__end_of_sin              text10       0D78
__end_of_spiInit          text7        10E1
__end_of_spiRead          text5        109E
__end_of_spiReceiveWait   text6        108D
__end_of_spiWrite         text4        1086
__end_of_sprintf          text1        08EB
__end_ofsin@coeff_a       strings      1024
__end_ofsin@coeff_b       strings      1034
__initialization          cinit        07D6
__pbssBANK1               bssBANK1     00EB
__pbssBANK3               bssBANK3     01AE
__pcstackBANK0            cstackBANK0  0020
__pcstackBANK1            cstackBANK1  00A0
__pcstackBANK3            cstackBANK3  0190
__pcstackCOMMON           cstackCOMMON 0070
__pdataBANK1              dataBANK1    00DD
__pdataBANK3              dataBANK3    01A6
__pidataBANK1             idataBANK1   10AA
__pidataBANK3             idataBANK3   108D
__pmaintext               maintext     0035
__pstrings                strings      1000
__ptext1                  text1        0803
__ptext10                 text10       0B2A
__ptext11                 text11       1667
__ptext12                 text12       11F2
__ptext13                 text13       11A4
__ptext14                 text14       15AD
__ptext15                 text15       12AF
__ptext16                 text16       1466
__ptext17                 text17       13C8
__ptext18                 text18       0475
__ptext19                 text19       000E
__ptext2                  text2        1126
__ptext20                 text20       1102
__ptext21                 text21       0D78
__ptext22                 text22       0003
__ptext23                 text23       01D5
__ptext24                 text24       1246
__ptext25                 text25       10E1
__ptext26                 text26       109E
__ptext27                 text27       1726
__ptext28                 text28       132B
__ptext3                  text3        1160
__ptext4                  text4        1080
__ptext5                  text5        1095
__ptext6                  text6        1086
__ptext7                  text7        10CB
__ptext8                  text8        08EB
__ptext9                  text9        1508
__size_of_UART_Init       (abs)        0000
__size_of_UART_Write      (abs)        0000
__size_of_UART_Write_Text (abs)        0000
__size_of__Umul8_16       (abs)        0000
__size_of___aldiv         (abs)        0000
__size_of___awdiv         (abs)        0000
__size_of___fladd         (abs)        0000
__size_of___fldiv         (abs)        0000
__size_of___fleq          (abs)        0000
__size_of___flge          (abs)        0000
__size_of___flmul         (abs)        0000
__size_of___flneg         (abs)        0000
__size_of___flsub         (abs)        0000
__size_of___fltol         (abs)        0000
__size_of___lwdiv         (abs)        0000
__size_of___lwmod         (abs)        0000
__size_of___xxtofl        (abs)        0000
__size_of_computeLyapunov (abs)        0000
__size_of_cos             (abs)        0000
__size_of_eval_poly       (abs)        0000
__size_of_floor           (abs)        0000
__size_of_frexp           (abs)        0000
__size_of_main            (abs)        0000
__size_of_sin             (abs)        0000
__size_of_spiInit         (abs)        0000
__size_of_spiRead         (abs)        0000
__size_of_spiReceiveWait  (abs)        0000
__size_of_spiWrite        (abs)        0000
__size_of_sprintf         (abs)        0000
__stringbase              strings      1005
__stringtab               strings      1000
_computeLyapunov          text8        08EB
_computeLyapunov$987      cstackBANK1  00CE
_computeLyapunov$988      cstackBANK1  00D2
_computeLyapunov$996      cstackBANK1  00C6
_cos                      text9        1508
_cos$993                  cstackBANK0  006C
_dpowers                  strings      1006
_eval_poly                text17       13C8
_floor                    text11       1667
_frexp                    text12       11F2
_main                     maintext     0035
_main$991                 cstackBANK3  019A
_main$992                 cstackBANK3  019E
_nRBPU                    (abs)        040F
_sin                      text10       0B2A
_sin$994                  cstackBANK1  00B1
_spiInit                  text7        10CB
_spiRead                  text5        1095
_spiReceiveWait           text6        1086
_spiWrite                 text4        1080
_sprintf                  text1        0803
_v_l                      bssBANK3     01AE
_v_r                      bssBANK1     00ED
btemp                     (abs)        007E
computeLyapunov@e2        cstackBANK1  00BE
computeLyapunov@e3        cstackBANK1  00C2
computeLyapunov@omega     cstackBANK1  00CA
computeLyapunov@v         cstackBANK1  00D6
cos@f                     cstackBANK1  00BA
end_of_initialization     cinit        07FC
eval_poly@d               cstackBANK0  004D
eval_poly@n               cstackBANK0  004E
eval_poly@res             cstackBANK0  0055
eval_poly@x               cstackBANK0  0049
floor@expon               cstackBANK0  0065
floor@i                   cstackBANK0  0061
floor@x                   cstackBANK0  005C
frexp@eptr                cstackBANK0  0024
frexp@value               cstackBANK0  0020
init_fetch0               inittext     10B8
init_ram0                 inittext     10BC
intlevel0                 functab      0000
intlevel1                 functab      0000
intlevel2                 functab      0000
intlevel3                 functab      0000
intlevel4                 functab      0000
intlevel5                 functab      0000
main@e2                   cstackBANK3  01A2
main@e3                   cstackBANK3  01A4
main@out                  cstackBANK3  0190
reset_vec                 reset_vec    0000
sin@coeff_a               strings      1010
sin@coeff_b               strings      1024
sin@f                     cstackBANK0  0067
sin@sgn                   cstackBANK1  00B9
sin@x2                    cstackBANK1  00B5
sin@y                     cstackBANK1  00AD
spiInit@sClockIdle        cstackCOMMON 0071
spiInit@sDataSample       cstackCOMMON 0070
spiInit@sTransmitEdge     cstackCOMMON 0072
spiInit@sType             cstackCOMMON 0073
spiWrite@dat              cstackCOMMON 0070
sprintf@ap                cstackBANK0  0026
sprintf@c                 cstackBANK0  002C
sprintf@f                 cstackBANK0  0020
sprintf@flag              cstackBANK0  0027
sprintf@prec              cstackBANK0  0028
sprintf@sp                cstackBANK0  002B
sprintf@val               cstackBANK0  0029
start                     init         0000
start_initialization      cinit        07D6
wtemp0                    (abs)        007E


MODULE INFORMATION

Module		Function		Class		Link	Load	Size
C:\Program Files\Microchip\xc8\v2.32\pic\sources\c90\common\evalpoly.c
		_eval_poly     		CODE           	13C8	0000	158

C:\Program Files\Microchip\xc8\v2.32\pic\sources\c90\common\evalpoly.c estimated size: 158

C:\Program Files\Microchip\xc8\v2.32\pic\sources\c90\common\cos.c
		_cos           		CODE           	1508	0000	165

C:\Program Files\Microchip\xc8\v2.32\pic\sources\c90\common\cos.c estimated size: 165

C:\Program Files\Microchip\xc8\v2.32\pic\sources\c90\common\sprcadd.c
		___flsub       		CODE           	1102	0000	36
		___fladd       		CODE           	0D78	0000	648

C:\Program Files\Microchip\xc8\v2.32\pic\sources\c90\common\sprcadd.c estimated size: 684

C:\Program Files\Microchip\xc8\v2.32\pic\sources\c90\common\flge.c
		___flge        		CODE           	1466	0000	162

C:\Program Files\Microchip\xc8\v2.32\pic\sources\c90\common\flge.c estimated size: 162

C:\Program Files\Microchip\xc8\v2.32\pic\sources\c90\common\flneg.c
		___flneg       		CODE           	0003	0000	11

C:\Program Files\Microchip\xc8\v2.32\pic\sources\c90\common\flneg.c estimated size: 11

C:\Program Files\Microchip\xc8\v2.32\pic\sources\c90\common\xxtofl.c
		___xxtofl      		CODE           	15AD	0000	186

C:\Program Files\Microchip\xc8\v2.32\pic\sources\c90\common\xxtofl.c estimated size: 186

C:\Program Files\Microchip\xc8\v2.32\pic\sources\c90\common\Umul8_16.c
		__Umul8_16     		CODE           	000E	0000	39

C:\Program Files\Microchip\xc8\v2.32\pic\sources\c90\common\Umul8_16.c estimated size: 39

newmain.c
		_main          		CODE           	0035	0000	416
		_computeLyapunov		CODE           	08EB	0000	575

newmain.c estimated size: 991

C:\Program Files\Microchip\xc8\v2.32\pic\sources\c90\common\frexp.c
		_frexp         		CODE           	11F2	0000	84

C:\Program Files\Microchip\xc8\v2.32\pic\sources\c90\common\frexp.c estimated size: 84

./uart.h
		_UART_Init     		CODE           	1726	0000	218
		_UART_Write_Text		CODE           	10E1	0000	33
		_UART_Write    		CODE           	109E	0000	12

./uart.h estimated size: 263

C:\Program Files\Microchip\xc8\v2.32\pic\sources\c90\common\lwmod.c
		___lwmod       		CODE           	1126	0000	58

C:\Program Files\Microchip\xc8\v2.32\pic\sources\c90\common\lwmod.c estimated size: 58

spi.c
		_spiWrite      		CODE           	1080	0000	6
		_spiInit       		CODE           	10CB	0000	22
		_spiReceiveWait		CODE           	1086	0000	7
		_spiRead       		CODE           	1095	0000	9

spi.c estimated size: 44

C:\Program Files\Microchip\xc8\v2.32\pic\sources\c90\common\sin.c
		_sin           		CODE           	0B2A	0000	590

C:\Program Files\Microchip\xc8\v2.32\pic\sources\c90\common\sin.c estimated size: 590

shared
		__stringtab    		STRING         	1000	0000	6
		_dpowers       		STRING         	1006	0000	10
		__initialization		CODE           	07D6	0000	38
		sin@coeff_a    		STRING         	1010	0000	20
		sin@coeff_b    		STRING         	1024	0000	16

shared estimated size: 90

C:\Program Files\Microchip\xc8\v2.32\pic\sources\c90\common\fleq.c
		___fleq        		CODE           	11A4	0000	78

C:\Program Files\Microchip\xc8\v2.32\pic\sources\c90\common\fleq.c estimated size: 78

C:\Program Files\Microchip\xc8\v2.32\pic\sources\c90\common\sprcmul.c
		___flmul       		CODE           	0475	0000	865

C:\Program Files\Microchip\xc8\v2.32\pic\sources\c90\common\sprcmul.c estimated size: 865

C:\Program Files\Microchip\xc8\v2.32\pic\sources\c90\common\floor.c
		_floor         		CODE           	1667	0000	191

C:\Program Files\Microchip\xc8\v2.32\pic\sources\c90\common\floor.c estimated size: 191

C:\Program Files\Microchip\xc8\v2.32\pic\sources\c90\common\sprcdiv.c
		___fldiv       		CODE           	01D5	0000	672

C:\Program Files\Microchip\xc8\v2.32\pic\sources\c90\common\sprcdiv.c estimated size: 672

C:\Program Files\Microchip\xc8\v2.32\pic\sources\c90\common\doprnt.c
		_sprintf       		CODE           	0803	0000	232

C:\Program Files\Microchip\xc8\v2.32\pic\sources\c90\common\doprnt.c estimated size: 232

C:\Program Files\Microchip\xc8\v2.32\pic\sources\c90\common\lwdiv.c
		___lwdiv       		CODE           	1160	0000	68

C:\Program Files\Microchip\xc8\v2.32\pic\sources\c90\common\lwdiv.c estimated size: 68

C:\Program Files\Microchip\xc8\v2.32\pic\sources\c90\common\awdiv.c
		___awdiv       		CODE           	1246	0000	105

C:\Program Files\Microchip\xc8\v2.32\pic\sources\c90\common\awdiv.c estimated size: 105

C:\Program Files\Microchip\xc8\v2.32\pic\sources\c90\common\fltol.c
		___fltol       		CODE           	12AF	0000	124

C:\Program Files\Microchip\xc8\v2.32\pic\sources\c90\common\fltol.c estimated size: 124

C:\Program Files\Microchip\xc8\v2.32\pic\sources\c90\common\aldiv.c
		___aldiv       		CODE           	132B	0000	157

C:\Program Files\Microchip\xc8\v2.32\pic\sources\c90\common\aldiv.c estimated size: 157

