Microchip MPLAB XC8 Compiler V2.32

Linker command line:

-W-3 --edf=C:\Program Files\Microchip\xc8\v2.32\pic\dat\en_msgs.txt -cn \
  -h+dist/default/production\CENTRALIZED_CONTROL.production.sym \
  --cmf=dist/default/production\CENTRALIZED_CONTROL.production.cmf -z \
  -Q16F877A -oC:\Users\NGUYEN~1\AppData\Local\Temp\xcAs7h8.4 \
  --defsym=__MPLAB_BUILD=1 \
  -Mdist/default/production/CENTRALIZED_CONTROL.production.map -E1 \
  -ver=XC8 Compiler --acfsm=1493 -ASTACK=0110h-016Fh -pstack=STACK \
  -ACODE=00h-07FFhx4 -ASTRCODE=00h-01FFFh -ASTRING=00h-0FFhx32 \
  -ACONST=00h-0FFhx32 -AENTRY=00h-0FFhx32 -ACOMMON=070h-07Fh \
  -ABANK0=020h-06Fh -ABANK1=0A0h-0EFh -ABANK2=0110h-016Fh \
  -ABANK3=0190h-01EFh -ARAM=020h-06Fh,0A0h-0EFh,0110h-016Fh,0190h-01EFh \
  -AABS1=020h-07Fh,0A0h-0EFh,0110h-016Fh,0190h-01EFh -ASFR0=00h-01Fh \
  -ASFR1=080h-09Fh -ASFR2=0100h-010Fh -ASFR3=0180h-018Fh \
  -ACONFIG=02007h-02007h -DCONFIG=2 -AIDLOC=02000h-02003h -DIDLOC=2 \
  -AEEDATA=00h-0FFh/02100h -peeprom_data=EEDATA -DEEDATA=2 -DCODE=2 \
  -DSTRCODE=2 -DSTRING=2 -DCONST=2 -DENTRY=2 \
  -preset_vec=00h,intentry,init,end_init -ppowerup=CODE -pcinit=CODE \
  -pfunctab=ENTRY -k C:\Users\NGUYEN~1\AppData\Local\Temp\xcAs7h8.o \
  dist/default/production\CENTRALIZED_CONTROL.production.o 

Object code version is 3.11

Machine type is 16F877A



                Name                               Link     Load   Length Selector   Space Scale
C:\Users\NGUYEN~1\AppData\Local\Temp\xcAs7h8.o
                end_init                              0        0        3        0       0
                config                             2007     2007        1        0       4
dist/default/production\CENTRALIZED_CONTROL.production.o
                cinit                               7D2      7D2       2E      FA4       0
                config                             2007     2007        1        0       4
                text26                              800      800        9      FA4       0
                text25                             14D8     14D8       2B     29B0       0
                text24                             146D     146D        C     28DA       0
                text23                             1532     1532       37     2A64       0
                text22                              809      809       69     1012       0
                text21                             148C     148C       25     2918       0
                text20                             1569     1569       44     2AD2       0
                text19                                4        4       3A        8       0
                text18                               3E       3E       F5       7C       0
                text17                              B42      B42      144     1684       0
                text16                              133      133      33E      266       0
                text15                             14B1     14B1       27     2962       0
                text14                              471      471      361      8E2       0
                text13                             16D1     16D1       92     2DA2       0
                text12                              9AC      9AC       BC     1358       0
                text11                              C86      C86      19D     190C       0
                text10                             1763     1763       9D     2EC6       0
                text9                              1503     1503       2F     2A06       0
                text8                               E23      E23      1DD     1C46       0
                text7                               872      872       9D     10E4       0
                text6                              15AD     15AD       4F     2B5A       0
                text5                              1457     1457        B     28AE       0
                text4                               90F      90F       9D     121E       0
                text3                              15FC     15FC       4F     2BF8       0
                text2                              1462     1462        B     28C4       0
                text1                               A68      A68       DA     14D0       0
                maintext                           164B     164B       86     2C96       0
                cstackBANK0                          20       20       50       20       1
                cstackCOMMON                         70       70        E       70       1
                cstackBANK1                          A0       A0       3A       A0       1
                cstackBANK3                         190      190       36      190       1
                inittext                           1479     1479       13     28F2       0
                dataBANK3                           1CF      1CF        8      190       1
                bssBANK3                            1C6      1C6        9      190       1
                dataBANK1                            DE       DE        2       A0       1
                bssBANK1                             E0       E0        1       A0       1
                nvBANK1                              DA       DA        4       A0       1
                strings                            1000     1000       39     2000       0
                idataBANK3                         144F     144F        8     289E       0
                idataBANK1                         144D     144D        2     289A       0

TOTAL           Name                               Link     Load   Length     Space
        CLASS   STACK          

        CLASS   CODE           
                end_init                              0        0        3         0
                cinit                               7D2      7D2       2E         0
                text26                              800      800        9         0
                text25                             14D8     14D8       2B         0
                text24                             146D     146D        C         0
                text23                             1532     1532       37         0
                text22                              809      809       69         0
                text21                             148C     148C       25         0
                text20                             1569     1569       44         0
                text19                                4        4       3A         0
                text18                               3E       3E       F5         0
                text17                              B42      B42      144         0
                text16                              133      133      33E         0
                text15                             14B1     14B1       27         0
                text14                              471      471      361         0
                text13                             16D1     16D1       92         0
                text12                              9AC      9AC       BC         0
                text11                              C86      C86      19D         0
                text10                             1763     1763       9D         0
                text9                              1503     1503       2F         0
                text8                               E23      E23      1DD         0
                text7                               872      872       9D         0
                text6                              15AD     15AD       4F         0
                text5                              1457     1457        B         0
                text4                               90F      90F       9D         0
                text3                              15FC     15FC       4F         0
                text2                              1462     1462        B         0
                text1                               A68      A68       DA         0
                maintext                           164B     164B       86         0
                inittext                           1479     1479       13         0
                idataBANK3                         144F     144F        8         0
                idataBANK1                         144D     144D        2         0

        CLASS   STRCODE        

        CLASS   STRING         
                strings                            1000     1000       39         0

        CLASS   CONST          

        CLASS   ENTRY          

        CLASS   COMMON         
                cstackCOMMON                         70       70        E         1

        CLASS   BANK0          
                cstackBANK0                          20       20       50         1

        CLASS   BANK1          
                cstackBANK1                          A0       A0       3A         1
                dataBANK1                            DE       DE        2         1
                bssBANK1                             E0       E0        1         1
                nvBANK1                              DA       DA        4         1

        CLASS   BANK2          

        CLASS   BANK3          
                cstackBANK3                         190      190       36         1
                dataBANK3                           1CF      1CF        8         1
                bssBANK3                            1C6      1C6        9         1

        CLASS   RAM            

        CLASS   ABS1           
                abs_s1                               7E       7E        2         1

        CLASS   SFR0           

        CLASS   SFR1           

        CLASS   SFR2           

        CLASS   SFR3           

        CLASS   CONFIG         
                config                             2007     2007        1         4

        CLASS   IDLOC          

        CLASS   EEDATA         



SEGMENTS        Name                           Load    Length   Top    Selector   Space  Class     Delta

                reset_vec                      000000  000003  000003         0       0  CODE        2
                text19                         000004  00003A  00003E         8       0  CODE        2
                cstackBANK0                    000020  000050  000070        20       1  BANK0       1
                cstackCOMMON                   000070  00000E  00007E        70       1  COMMON      1
                text18                         00003E  0000F5  000133        7C       0  CODE        2
                cstackBANK1                    0000A0  000041  0000E1        A0       1  BANK1       1
                cstackBANK3                    000190  000047  0001D7       190       1  BANK3       1
                text16                         000133  00033E  000471       266       0  CODE        2
                text14                         000471  000361  0007D2       8E2       0  CODE        2
                cinit                          0007D2  000037  000809       FA4       0  CODE        2
                text22                         000809  000069  000872      1012       0  CODE        2
                text7                          000872  00009D  00090F      10E4       0  CODE        2
                text4                          00090F  00009D  0009AC      121E       0  CODE        2
                text12                         0009AC  0000BC  000A68      1358       0  CODE        2
                text1                          000A68  0000DA  000B42      14D0       0  CODE        2
                text17                         000B42  000144  000C86      1684       0  CODE        2
                text11                         000C86  00019D  000E23      190C       0  CODE        2
                text8                          000E23  0001DD  001000      1C46       0  CODE        2
                strings                        001000  000039  001039      2000       0  STRING      2
                idataBANK1                     00144D  000002  00144F      289A       0  CODE        2
                idataBANK3                     00144F  000008  001457      289E       0  CODE        2
                text5                          001457  00000B  001462      28AE       0  CODE        2
                text2                          001462  00000B  00146D      28C4       0  CODE        2
                text24                         00146D  00000C  001479      28DA       0  CODE        2
                inittext                       001479  000013  00148C      28F2       0  CODE        2
                text21                         00148C  000025  0014B1      2918       0  CODE        2
                text15                         0014B1  000027  0014D8      2962       0  CODE        2
                text25                         0014D8  00002B  001503      29B0       0  CODE        2
                text9                          001503  00002F  001532      2A06       0  CODE        2
                text23                         001532  000037  001569      2A64       0  CODE        2
                text20                         001569  000044  0015AD      2AD2       0  CODE        2
                text6                          0015AD  00004F  0015FC      2B5A       0  CODE        2
                text3                          0015FC  00004F  00164B      2BF8       0  CODE        2
                maintext                       00164B  000086  0016D1      2C96       0  CODE        2
                text13                         0016D1  000092  001763      2DA2       0  CODE        2
                text10                         001763  00009D  001800      2EC6       0  CODE        2


UNUSED ADDRESS RANGES

        Name                Unused          Largest block    Delta
        BANK1            00E1-00EF              F           1
        BANK2            0110-016F             60           1
        BANK3            01D7-01EF             19           1
        CODE             0003-0003              1           2
                         1039-144C            414
                         1800-1FFF            800
        CONST            0003-0003              1           2
                         1039-144C            100
                         1800-1FFF            100
        EEDATA           2100-21FF            100           2
        ENTRY            0003-0003              1           2
                         1039-144C            100
                         1800-1FFF            100
        IDLOC            2000-2003              4           2
        RAM              00E1-00EF              F           1
                         0110-016F             60
                         01D7-01EF             19
        SFR0             0000-001F             20           1
        SFR1             0080-009F             20           1
        SFR2             0100-010F             10           1
        SFR3             0180-018F             10           1
        STACK            0110-016F             60           1
        STRCODE          0003-0003              1           2
                         1039-144C            414
                         1800-1FFF            800
        STRING           0003-0003              1           2
                         1039-144C            100
                         1800-1FFF            100

                                  Symbol Table

?_ADC_Read                cstackCOMMON 0070
?_PWM_Max_Duty            cstackBANK0  0026
?__Umul8_16               cstackCOMMON 0070
?___aldiv                 cstackCOMMON 0070
?___awdiv                 cstackCOMMON 0076
?___fladd                 cstackBANK1  00A0
?___fldiv                 cstackBANK0  0036
?___flmul                 cstackBANK0  0050
?___fltol                 cstackBANK1  00B0
?___lwdiv                 cstackCOMMON 0070
?___lwmod                 cstackCOMMON 0078
?___wmul                  cstackCOMMON 0070
?___xxtofl                cstackBANK0  0028
?_sprintf                 cstackBANK0  0020
ADC_Read@channel          cstackCOMMON 0074
AVG_Index@uart_logs       cstackBANK1  00A0
AVG_Index@x0              cstackBANK1  00D3
AVG_Index@x1              cstackBANK1  00D4
AVG_Index@x2              cstackBANK1  00D2
AVG_Index@x3              cstackBANK1  00D5
AVG_Index@x4              cstackBANK1  00D6
PID@uart_logs             cstackBANK3  0190
PWM1_Duty@duty            cstackBANK1  00B9
PWM1_Init_Fre@fre         cstackBANK0  0026
PWM2_Duty@duty            cstackBANK1  00B9
PWM2_Init_Fre@fre         cstackBANK0  0026
UART_Init@baudrate        cstackBANK0  0026
UART_Init@x               cstackCOMMON 0079
UART_Write@data           cstackCOMMON 0070
UART_Write_Text@i         cstackCOMMON 0076
UART_Write_Text@text      cstackCOMMON 0071
_ADCON0                   (abs)        001F
_ADCON1                   (abs)        009F
_ADC_Init                 text26       0800
_ADC_Read                 text25       14D8
_ADRESH                   (abs)        001E
_ADRESL                   (abs)        009E
_AVG_Index                text17       0B42
_BRGH                     (abs)        04C2
_CCP1CONbits              (abs)        0017
_CCP1X                    (abs)        00BD
_CCP1Y                    (abs)        00BC
_CCP2CONbits              (abs)        001D
_CCP2X                    (abs)        00ED
_CCP2Y                    (abs)        00EC
_CCPR1L                   (abs)        0015
_CCPR2L                   (abs)        001B
_CREN                     (abs)        00C4
_D                        bssBANK3     01CB
_GO_nDONE                 (abs)        00FA
_I                        bssBANK3     01CC
_P                        bssBANK3     01CD
_PID                      text11       0C86
_PID$954                  cstackBANK3  01C2
_PID_Val                  bssBANK3     01CA
_PORTDbits                (abs)        0008
_PR2                      (abs)        0092
_PWM1_Duty                text7        0872
_PWM1_Init_Fre            text6        15AD
_PWM1_Start               text5        1457
_PWM2_Duty                text4        090F
_PWM2_Init_Fre            text3        15FC
_PWM2_Start               text2        1462
_PWM_Max_Duty             text9        1503
_RCIF                     (abs)        0065
_RCREG                    (abs)        001A
_SPBRG                    (abs)        0099
_SPEN                     (abs)        00C7
_SYNC                     (abs)        04C4
_T2CONbits                (abs)        0012
_TRISA                    (abs)        0085
_TRISC6                   (abs)        043E
_TRISC7                   (abs)        043F
_TRISCbits                (abs)        0087
_TRISD                    (abs)        0088
_TRMT                     (abs)        04C1
_TXEN                     (abs)        04C5
_TXREG                    (abs)        0019
_UART_Init                text1        0A68
_UART_Write               text24       146D
_UART_Write_Text          text23       1532
__Habs1                   abs1         0000
__Hbank0                  bank0        0000
__Hbank1                  bank1        0000
__Hbank2                  bank2        0000
__Hbank3                  bank3        0000
__HbssBANK1               bssBANK1     0000
__HbssBANK3               bssBANK3     0000
__Hcinit                  cinit        0800
__Hclrtext                clrtext      0000
__Hcode                   code         0000
__Hcommon                 common       0000
__Hconfig                 config       2008
__HcstackBANK0            cstackBANK0  0000
__HcstackBANK1            cstackBANK1  0000
__HcstackBANK3            cstackBANK3  0000
__HcstackCOMMON           cstackCOMMON 0000
__HdataBANK1              dataBANK1    0000
__HdataBANK3              dataBANK3    0000
__Heeprom_data            eeprom_data  0000
__Hend_init               end_init     0003
__Hfunctab                functab      0000
__HidataBANK1             idataBANK1   0000
__HidataBANK3             idataBANK3   0000
__Hinit                   init         0000
__Hinittext               inittext     0000
__Hintentry               intentry     0000
__Hmaintext               maintext     0000
__HnvBANK1                nvBANK1      0000
__Hpowerup                powerup      0000
__Hram                    ram          0000
__Hreset_vec              reset_vec    0000
__Hsfr0                   sfr0         0000
__Hsfr1                   sfr1         0000
__Hsfr2                   sfr2         0000
__Hsfr3                   sfr3         0000
__Hspace_0                (abs)        1800
__Hspace_1                (abs)        01D7
__Hspace_2                (abs)        0000
__Hspace_3                (abs)        0000
__Hspace_4                (abs)        400F
__Hstack                  stack        0000
__Hstrings                strings      0000
__Htext                   text         0000
__Labs1                   abs1         0000
__Lbank0                  bank0        0000
__Lbank1                  bank1        0000
__Lbank2                  bank2        0000
__Lbank3                  bank3        0000
__LbssBANK1               bssBANK1     0000
__LbssBANK3               bssBANK3     0000
__Lcinit                  cinit        07D2
__Lclrtext                clrtext      0000
__Lcode                   code         0000
__Lcommon                 common       0000
__Lconfig                 config       0000
__LcstackBANK0            cstackBANK0  0000
__LcstackBANK1            cstackBANK1  0000
__LcstackBANK3            cstackBANK3  0000
__LcstackCOMMON           cstackCOMMON 0000
__LdataBANK1              dataBANK1    0000
__LdataBANK3              dataBANK3    0000
__Leeprom_data            eeprom_data  0000
__Lend_init               end_init     0000
__Lfunctab                functab      0000
__LidataBANK1             idataBANK1   0000
__LidataBANK3             idataBANK3   0000
__Linit                   init         0000
__Linittext               inittext     0000
__Lintentry               intentry     0000
__Lmaintext               maintext     0000
__LnvBANK1                nvBANK1      0000
__Lpowerup                powerup      0000
__Lram                    ram          0000
__Lreset_vec              reset_vec    0000
__Lsfr0                   sfr0         0000
__Lsfr1                   sfr1         0000
__Lsfr2                   sfr2         0000
__Lsfr3                   sfr3         0000
__Lspace_0                (abs)        0000
__Lspace_1                (abs)        0000
__Lspace_2                (abs)        0000
__Lspace_3                (abs)        0000
__Lspace_4                (abs)        0000
__Lstack                  stack        0000
__Lstrings                strings      0000
__Ltext                   text         0000
__S0                      (abs)        1800
__S1                      (abs)        01D7
__S2                      (abs)        0000
__S3                      (abs)        0000
__Umul8_16                text15       14B1
__Umul8_16@multiplicand   cstackCOMMON 0070
__Umul8_16@multiplier     cstackCOMMON 0078
__Umul8_16@product        cstackCOMMON 0074
__Umul8_16@word_mpld      cstackCOMMON 0076
___aldiv                  text10       1763
___aldiv@counter          cstackBANK0  0020
___aldiv@dividend         cstackCOMMON 0074
___aldiv@divisor          cstackCOMMON 0070
___aldiv@quotient         cstackBANK0  0022
___aldiv@sign             cstackBANK0  0021
___awdiv                  text22       0809
___awdiv@counter          cstackBANK0  0020
___awdiv@dividend         cstackCOMMON 0078
___awdiv@divisor          cstackCOMMON 0076
___awdiv@quotient         cstackBANK0  0022
___awdiv@sign             cstackBANK0  0021
___fladd                  text16       0133
___fladd@a                cstackBANK1  00A4
___fladd@aexp             cstackBANK0  006B
___fladd@b                cstackBANK1  00A0
___fladd@bexp             cstackBANK0  006C
___fladd@grs              cstackBANK0  006D
___fladd@signs            cstackBANK0  006A
___fldiv                  text8        0E23
___fldiv@a                cstackBANK0  0036
___fldiv@aexp             cstackBANK0  004F
___fldiv@b                cstackBANK0  003A
___fldiv@bexp             cstackBANK0  004E
___fldiv@grs              cstackBANK0  004A
___fldiv@new_exp          cstackBANK0  0048
___fldiv@rem              cstackBANK0  0043
___fldiv@sign             cstackBANK0  0047
___flmul                  text14       0471
___flmul@a                cstackBANK0  0054
___flmul@aexp             cstackBANK0  0062
___flmul@b                cstackBANK0  0050
___flmul@bexp             cstackBANK0  0063
___flmul@grs              cstackBANK0  005E
___flmul@prod             cstackBANK0  0064
___flmul@sign             cstackBANK0  005D
___flmul@temp             cstackBANK0  0068
___fltol                  text13       16D1
___fltol@exp1             cstackBANK0  006F
___fltol@f1               cstackBANK1  00B0
___fltol@sign1            cstackBANK0  006E
___int_sp                 stack        0000
___latbits                (abs)        0002
___lwdiv                  text20       1569
___lwdiv@counter          cstackCOMMON 0077
___lwdiv@dividend         cstackCOMMON 0072
___lwdiv@divisor          cstackCOMMON 0070
___lwdiv@quotient         cstackCOMMON 0075
___lwmod                  text19       0004
___lwmod@counter          cstackCOMMON 007D
___lwmod@dividend         cstackCOMMON 007A
___lwmod@divisor          cstackCOMMON 0078
___sp                     stack        0000
___stackhi                (abs)        0000
___stacklo                (abs)        0000
___wmul                   text21       148C
___wmul@multiplicand      cstackCOMMON 0072
___wmul@multiplier        cstackCOMMON 0070
___wmul@product           cstackCOMMON 0074
___xxtofl                 text12       09AC
___xxtofl@arg             cstackBANK0  0032
___xxtofl@exp             cstackBANK0  0031
___xxtofl@sign            cstackBANK0  0030
___xxtofl@val             cstackBANK0  0028
__end_of_ADC_Init         text26       0809
__end_of_ADC_Read         text25       1503
__end_of_AVG_Index        text17       0C86
__end_of_PID              text11       0E23
__end_of_PWM1_Duty        text7        090F
__end_of_PWM1_Init_Fre    text6        15FC
__end_of_PWM1_Start       text5        1462
__end_of_PWM2_Duty        text4        09AC
__end_of_PWM2_Init_Fre    text3        164B
__end_of_PWM2_Start       text2        146D
__end_of_PWM_Max_Duty     text9        1532
__end_of_UART_Init        text1        0B42
__end_of_UART_Write       text24       1479
__end_of_UART_Write_Text  text23       1569
__end_of__Umul8_16        text15       14D8
__end_of___aldiv          text10       1800
__end_of___awdiv          text22       0872
__end_of___fladd          text16       0471
__end_of___fldiv          text8        1000
__end_of___flmul          text14       07D2
__end_of___fltol          text13       1763
__end_of___lwdiv          text20       15AD
__end_of___lwmod          text19       003E
__end_of___wmul           text21       14B1
__end_of___xxtofl         text12       0A68
__end_of__initialization  cinit        07FC
__end_of__stringtab       strings      1006
__end_of_dpowers          strings      1010
__end_of_main             maintext     16D1
__end_of_sprintf          text18       0133
__initialization          cinit        07D2
__pbssBANK1               bssBANK1     00E0
__pbssBANK3               bssBANK3     01C6
__pcstackBANK0            cstackBANK0  0020
__pcstackBANK1            cstackBANK1  00A0
__pcstackBANK3            cstackBANK3  0190
__pcstackCOMMON           cstackCOMMON 0070
__pdataBANK1              dataBANK1    00DE
__pdataBANK3              dataBANK3    01CF
__pidataBANK1             idataBANK1   144D
__pidataBANK3             idataBANK3   144F
__pmaintext               maintext     164B
__pnvBANK1                nvBANK1      00DA
__pstrings                strings      1000
__ptext1                  text1        0A68
__ptext10                 text10       1763
__ptext11                 text11       0C86
__ptext12                 text12       09AC
__ptext13                 text13       16D1
__ptext14                 text14       0471
__ptext15                 text15       14B1
__ptext16                 text16       0133
__ptext17                 text17       0B42
__ptext18                 text18       003E
__ptext19                 text19       0004
__ptext2                  text2        1462
__ptext20                 text20       1569
__ptext21                 text21       148C
__ptext22                 text22       0809
__ptext23                 text23       1532
__ptext24                 text24       146D
__ptext25                 text25       14D8
__ptext26                 text26       0800
__ptext3                  text3        15FC
__ptext4                  text4        090F
__ptext5                  text5        1457
__ptext6                  text6        15AD
__ptext7                  text7        0872
__ptext8                  text8        0E23
__ptext9                  text9        1503
__size_of_ADC_Init        (abs)        0000
__size_of_ADC_Read        (abs)        0000
__size_of_AVG_Index       (abs)        0000
__size_of_PID             (abs)        0000
__size_of_PWM1_Duty       (abs)        0000
__size_of_PWM1_Init_Fre   (abs)        0000
__size_of_PWM1_Start      (abs)        0000
__size_of_PWM2_Duty       (abs)        0000
__size_of_PWM2_Init_Fre   (abs)        0000
__size_of_PWM2_Start      (abs)        0000
__size_of_PWM_Max_Duty    (abs)        0000
__size_of_UART_Init       (abs)        0000
__size_of_UART_Write      (abs)        0000
__size_of_UART_Write_Text (abs)        0000
__size_of__Umul8_16       (abs)        0000
__size_of___aldiv         (abs)        0000
__size_of___awdiv         (abs)        0000
__size_of___fladd         (abs)        0000
__size_of___fldiv         (abs)        0000
__size_of___flmul         (abs)        0000
__size_of___fltol         (abs)        0000
__size_of___lwdiv         (abs)        0000
__size_of___lwmod         (abs)        0000
__size_of___wmul          (abs)        0000
__size_of___xxtofl        (abs)        0000
__size_of_main            (abs)        0000
__size_of_sprintf         (abs)        0000
__stringbase              strings      1005
__stringtab               strings      1000
_dpowers                  strings      1006
_e                        bssBANK1     00E0
_freq                     nvBANK1      00DA
_main                     maintext     164B
_prev_e                   bssBANK3     01CE
_sprintf                  text18       003E
btemp                     (abs)        007E
end_of_initialization     cinit        07FC
init_fetch0               inittext     1479
init_ram0                 inittext     147D
intlevel0                 functab      0000
intlevel1                 functab      0000
intlevel2                 functab      0000
intlevel3                 functab      0000
intlevel4                 functab      0000
intlevel5                 functab      0000
reset_vec                 reset_vec    0000
sprintf@ap                cstackBANK0  0030
sprintf@c                 cstackBANK0  0035
sprintf@f                 cstackBANK0  0022
sprintf@flag              cstackBANK0  0031
sprintf@prec              cstackBANK0  0032
sprintf@sp                cstackBANK0  0020
sprintf@val               cstackBANK0  0033
start                     init         0000
start_initialization      cinit        07D2
wtemp0                    (abs)        007E


MODULE INFORMATION

Module		Function		Class		Link	Load	Size
C:\Program Files\Microchip\xc8\v2.32\pic\sources\c90\common\sprcadd.c
		___fladd       		CODE           	0133	0000	830

C:\Program Files\Microchip\xc8\v2.32\pic\sources\c90\common\sprcadd.c estimated size: 830

C:\Program Files\Microchip\xc8\v2.32\pic\sources\c90\common\xxtofl.c
		___xxtofl      		CODE           	09AC	0000	188

C:\Program Files\Microchip\xc8\v2.32\pic\sources\c90\common\xxtofl.c estimated size: 188

C:\Program Files\Microchip\xc8\v2.32\pic\sources\c90\common\Umul8_16.c
		__Umul8_16     		CODE           	14B1	0000	39

C:\Program Files\Microchip\xc8\v2.32\pic\sources\c90\common\Umul8_16.c estimated size: 39

./uart.h
		_UART_Init     		CODE           	0A68	0000	218
		_UART_Write_Text		CODE           	1532	0000	55
		_UART_Write    		CODE           	146D	0000	12

./uart.h estimated size: 285

C:\Program Files\Microchip\xc8\v2.32\pic\sources\c90\common\lwmod.c
		___lwmod       		CODE           	0004	0000	58

C:\Program Files\Microchip\xc8\v2.32\pic\sources\c90\common\lwmod.c estimated size: 58

shared
		__stringtab    		STRING         	1000	0000	6
		_dpowers       		STRING         	1006	0000	10
		__initialization		CODE           	07D2	0000	42

shared estimated size: 58

C:\Program Files\Microchip\xc8\v2.32\pic\sources\c90\common\sprcmul.c
		___flmul       		CODE           	0471	0000	865

C:\Program Files\Microchip\xc8\v2.32\pic\sources\c90\common\sprcmul.c estimated size: 865

C:\Program Files\Microchip\xc8\v2.32\pic\sources\c90\common\sprcdiv.c
		___fldiv       		CODE           	0E23	0000	477

C:\Program Files\Microchip\xc8\v2.32\pic\sources\c90\common\sprcdiv.c estimated size: 477

C:\Program Files\Microchip\xc8\v2.32\pic\sources\c90\common\doprnt.c
		_sprintf       		CODE           	003E	0000	245

C:\Program Files\Microchip\xc8\v2.32\pic\sources\c90\common\doprnt.c estimated size: 245

C:\Program Files\Microchip\xc8\v2.32\pic\sources\c90\common\lwdiv.c
		___lwdiv       		CODE           	1569	0000	68

C:\Program Files\Microchip\xc8\v2.32\pic\sources\c90\common\lwdiv.c estimated size: 68

C:\Program Files\Microchip\xc8\v2.32\pic\sources\c90\common\awdiv.c
		___awdiv       		CODE           	0809	0000	105

C:\Program Files\Microchip\xc8\v2.32\pic\sources\c90\common\awdiv.c estimated size: 105

C:\Program Files\Microchip\xc8\v2.32\pic\sources\c90\common\Umul16.c
		___wmul        		CODE           	148C	0000	37

C:\Program Files\Microchip\xc8\v2.32\pic\sources\c90\common\Umul16.c estimated size: 37

main.c
		_AVG_Index     		CODE           	0B42	0000	324
		_main          		CODE           	164B	0000	134
		_PID           		CODE           	0C86	0000	413
		_ADC_Read      		CODE           	14D8	0000	43
		_ADC_Init      		CODE           	0800	0000	9

main.c estimated size: 923

C:\Program Files\Microchip\xc8\v2.32\pic\sources\c90\common\fltol.c
		___fltol       		CODE           	16D1	0000	146

C:\Program Files\Microchip\xc8\v2.32\pic\sources\c90\common\fltol.c estimated size: 146

./pwm.h
		_PWM1_Start    		CODE           	1457	0000	11
		_PWM2_Start    		CODE           	1462	0000	11
		_PWM_Max_Duty  		CODE           	1503	0000	47
		_PWM1_Duty     		CODE           	0872	0000	157
		_PWM1_Init_Fre 		CODE           	15AD	0000	79
		_PWM2_Duty     		CODE           	090F	0000	157
		_PWM2_Init_Fre 		CODE           	15FC	0000	79

./pwm.h estimated size: 541

C:\Program Files\Microchip\xc8\v2.32\pic\sources\c90\common\aldiv.c
		___aldiv       		CODE           	1763	0000	157

C:\Program Files\Microchip\xc8\v2.32\pic\sources\c90\common\aldiv.c estimated size: 157

